Component: ARM Compiler 5.06 update 7 (build 960) Tool: armlink [4d3601]

==============================================================================

Section Cross References

    startup_stm32f103xb.o(STACK) refers (Special) to heapauxi.o(.text) for __use_two_region_memory
    startup_stm32f103xb.o(HEAP) refers (Special) to heapauxi.o(.text) for __use_two_region_memory
    startup_stm32f103xb.o(RESET) refers (Special) to heapauxi.o(.text) for __use_two_region_memory
    startup_stm32f103xb.o(RESET) refers to startup_stm32f103xb.o(STACK) for __initial_sp
    startup_stm32f103xb.o(RESET) refers to startup_stm32f103xb.o(.text) for Reset_Handler
    startup_stm32f103xb.o(RESET) refers to stm32f1xx_it.o(i.NMI_Handler) for NMI_Handler
    startup_stm32f103xb.o(RESET) refers to stm32f1xx_it.o(i.HardFault_Handler) for HardFault_Handler
    startup_stm32f103xb.o(RESET) refers to stm32f1xx_it.o(i.MemManage_Handler) for MemManage_Handler
    startup_stm32f103xb.o(RESET) refers to stm32f1xx_it.o(i.BusFault_Handler) for BusFault_Handler
    startup_stm32f103xb.o(RESET) refers to stm32f1xx_it.o(i.UsageFault_Handler) for UsageFault_Handler
    startup_stm32f103xb.o(RESET) refers to stm32f1xx_it.o(i.SVC_Handler) for SVC_Handler
    startup_stm32f103xb.o(RESET) refers to stm32f1xx_it.o(i.DebugMon_Handler) for DebugMon_Handler
    startup_stm32f103xb.o(RESET) refers to stm32f1xx_it.o(i.PendSV_Handler) for PendSV_Handler
    startup_stm32f103xb.o(RESET) refers to stm32f1xx_it.o(i.SysTick_Handler) for SysTick_Handler
    startup_stm32f103xb.o(RESET) refers to stm32f1xx_it.o(i.USB_LP_CAN1_RX0_IRQHandler) for USB_LP_CAN1_RX0_IRQHandler
    startup_stm32f103xb.o(.text) refers (Special) to heapauxi.o(.text) for __use_two_region_memory
    startup_stm32f103xb.o(.text) refers to system_stm32f1xx.o(i.SystemInit) for SystemInit
    startup_stm32f103xb.o(.text) refers to __main.o(!!!main) for __main
    startup_stm32f103xb.o(.text) refers to startup_stm32f103xb.o(HEAP) for Heap_Mem
    startup_stm32f103xb.o(.text) refers to startup_stm32f103xb.o(STACK) for Stack_Mem
    main.o(i.BMP_Flash_Init) refers to stm32f1xx_hal_flash.o(i.HAL_FLASH_Unlock) for HAL_FLASH_Unlock
    main.o(i.BMP_Flash_Init) refers to stm32f1xx_hal_flash_ex.o(i.HAL_FLASHEx_Erase) for HAL_FLASHEx_Erase
    main.o(i.BMP_Flash_Init) refers to stm32f1xx_hal_flash.o(i.HAL_FLASH_Lock) for HAL_FLASH_Lock
    main.o(i.Flash_HAL_Write_N_2Byte_Data) refers to stm32f1xx_hal_flash.o(i.HAL_FLASH_Unlock) for HAL_FLASH_Unlock
    main.o(i.Flash_HAL_Write_N_2Byte_Data) refers to stm32f1xx_hal_flash.o(i.HAL_FLASH_Program) for HAL_FLASH_Program
    main.o(i.Flash_HAL_Write_N_2Byte_Data) refers to stm32f1xx_hal_flash.o(i.HAL_FLASH_Lock) for HAL_FLASH_Lock
    main.o(i.SystemClock_Config) refers to rt_memclr_w.o(.text) for __aeabi_memclr4
    main.o(i.SystemClock_Config) refers to stm32f1xx_hal_rcc.o(i.HAL_RCC_OscConfig) for HAL_RCC_OscConfig
    main.o(i.SystemClock_Config) refers to main.o(i.Error_Handler) for Error_Handler
    main.o(i.SystemClock_Config) refers to stm32f1xx_hal_rcc.o(i.HAL_RCC_ClockConfig) for HAL_RCC_ClockConfig
    main.o(i.SystemClock_Config) refers to stm32f1xx_hal_rcc_ex.o(i.HAL_RCCEx_PeriphCLKConfig) for HAL_RCCEx_PeriphCLKConfig
    main.o(i.main) refers to stm32f1xx_hal.o(i.HAL_Init) for HAL_Init
    main.o(i.main) refers to main.o(i.SystemClock_Config) for SystemClock_Config
    main.o(i.main) refers to gpio.o(i.MX_GPIO_Init) for MX_GPIO_Init
    main.o(i.main) refers to i2c.o(i.MX_I2C1_Init) for MX_I2C1_Init
    main.o(i.main) refers to tim.o(i.MX_TIM1_Init) for MX_TIM1_Init
    main.o(i.main) refers to usb_device.o(i.MX_USB_DEVICE_Init) for MX_USB_DEVICE_Init
    main.o(i.main) refers to oled.o(i.OLED_Init) for OLED_Init
    main.o(i.main) refers to oled.o(i.OLED_Clear) for OLED_Clear
    main.o(i.main) refers to rt_memcpy_v6.o(.text) for __aeabi_memcpy
    main.o(i.main) refers to main.o(i.BMP_Flash_Init) for BMP_Flash_Init
    main.o(i.main) refers to lludivv7m.o(.text) for __aeabi_uldivmod
    main.o(i.main) refers to main.o(i.Flash_HAL_Write_N_2Byte_Data) for Flash_HAL_Write_N_2Byte_Data
    main.o(i.main) refers to gui.o(i.GUI_DrawBMP) for GUI_DrawBMP
    main.o(i.main) refers to main.o(.bss) for BMP_Receive_Buff
    main.o(i.main) refers to main.o(.data) for BMP_Flash_Need_Write_Byte
    i2c.o(i.HAL_I2C_MspDeInit) refers to stm32f1xx_hal_gpio.o(i.HAL_GPIO_DeInit) for HAL_GPIO_DeInit
    i2c.o(i.HAL_I2C_MspInit) refers to stm32f1xx_hal_gpio.o(i.HAL_GPIO_Init) for HAL_GPIO_Init
    i2c.o(i.MX_I2C1_Init) refers to stm32f1xx_hal_i2c.o(i.HAL_I2C_Init) for HAL_I2C_Init
    i2c.o(i.MX_I2C1_Init) refers to main.o(i.Error_Handler) for Error_Handler
    i2c.o(i.MX_I2C1_Init) refers to i2c.o(.bss) for hi2c1
    tim.o(i.MX_TIM1_Init) refers to rt_memclr_w.o(.text) for __aeabi_memclr4
    tim.o(i.MX_TIM1_Init) refers to stm32f1xx_hal_tim.o(i.HAL_TIM_Base_Init) for HAL_TIM_Base_Init
[...]
    i.OLED_Display                           0x080032e8   Section        0  oled.o(i.OLED_Display)
    i.OLED_Init                              0x08003334   Section        0  oled.o(i.OLED_Init)
    i.OLED_Set_Pixel                         0x08003408   Section        0  oled.o(i.OLED_Set_Pixel)
    i.OLED_WR_Byte                           0x08003488   Section        0  oled.o(i.OLED_WR_Byte)
    i.PCD_EP_ISR_Handler                     0x080034d0   Section        0  stm32f1xx_hal_pcd.o(i.PCD_EP_ISR_Handler)
    PCD_EP_ISR_Handler                       0x080034d1   Thumb Code  1266  stm32f1xx_hal_pcd.o(i.PCD_EP_ISR_Handler)
    i.PendSV_Handler                         0x080039c2   Section        0  stm32f1xx_it.o(i.PendSV_Handler)
    i.RCC_Delay                              0x080039c4   Section        0  stm32f1xx_hal_rcc.o(i.RCC_Delay)
    RCC_Delay                                0x080039c5   Thumb Code    36  stm32f1xx_hal_rcc.o(i.RCC_Delay)
    i.SVC_Handler                            0x080039ec   Section        0  stm32f1xx_it.o(i.SVC_Handler)
    i.SysTick_Handler                        0x080039ee   Section        0  stm32f1xx_it.o(i.SysTick_Handler)
    i.SystemClock_Config                     0x080039f6   Section        0  main.o(i.SystemClock_Config)
    i.SystemInit                             0x08003a7a   Section        0  system_stm32f1xx.o(i.SystemInit)
    i.TIM_Base_SetConfig                     0x08003a7c   Section        0  stm32f1xx_hal_tim.o(i.TIM_Base_SetConfig)
    i.TIM_ETR_SetConfig                      0x08003af0   Section        0  stm32f1xx_hal_tim.o(i.TIM_ETR_SetConfig)
    i.TIM_ITRx_SetConfig                     0x08003b06   Section        0  stm32f1xx_hal_tim.o(i.TIM_ITRx_SetConfig)
    TIM_ITRx_SetConfig                       0x08003b07   Thumb Code    18  stm32f1xx_hal_tim.o(i.TIM_ITRx_SetConfig)
    i.TIM_OC1_SetConfig                      0x08003b18   Section        0  stm32f1xx_hal_tim.o(i.TIM_OC1_SetConfig)
    TIM_OC1_SetConfig                        0x08003b19   Thumb Code    90  stm32f1xx_hal_tim.o(i.TIM_OC1_SetConfig)
    i.TIM_OC2_SetConfig                      0x08003b78   Section        0  stm32f1xx_hal_tim.o(i.TIM_OC2_SetConfig)
    i.TIM_OC3_SetConfig                      0x08003be0   Section        0  stm32f1xx_hal_tim.o(i.TIM_OC3_SetConfig)
    TIM_OC3_SetConfig                        0x08003be1   Thumb Code    98  stm32f1xx_hal_tim.o(i.TIM_OC3_SetConfig)
    i.TIM_OC4_SetConfig                      0x08003c48   Section        0  stm32f1xx_hal_tim.o(i.TIM_OC4_SetConfig)
    TIM_OC4_SetConfig                        0x08003c49   Thumb Code    68  stm32f1xx_hal_tim.o(i.TIM_OC4_SetConfig)
    i.TIM_TI1_ConfigInputStage               0x08003c90   Section        0  stm32f1xx_hal_tim.o(i.TIM_TI1_ConfigInputStage)
    TIM_TI1_ConfigInputStage                 0x08003c91   Thumb Code    38  stm32f1xx_hal_tim.o(i.TIM_TI1_ConfigInputStage)
    i.TIM_TI2_ConfigInputStage               0x08003cb6   Section        0  stm32f1xx_hal_tim.o(i.TIM_TI2_ConfigInputStage)
    TIM_TI2_ConfigInputStage                 0x08003cb7   Thumb Code    40  stm32f1xx_hal_tim.o(i.TIM_TI2_ConfigInputStage)
    i.USBD_CDC_DataIn                        0x08003cde   Section        0  usbd_cdc.o(i.USBD_CDC_DataIn)
    USBD_CDC_DataIn                          0x08003cdf   Thumb Code   124  usbd_cdc.o(i.USBD_CDC_DataIn)
    i.USBD_CDC_DataOut                       0x08003d5a   Section        0  usbd_cdc.o(i.USBD_CDC_DataOut)
    USBD_CDC_DataOut                         0x08003d5b   Thumb Code    52  usbd_cdc.o(i.USBD_CDC_DataOut)
    i.USBD_CDC_DeInit                        0x08003d8e   Section        0  usbd_cdc.o(i.USBD_CDC_DeInit)
    USBD_CDC_DeInit                          0x08003d8f   Thumb Code    78  usbd_cdc.o(i.USBD_CDC_DeInit)
    i.USBD_CDC_EP0_RxReady                   0x08003ddc   Section        0  usbd_cdc.o(i.USBD_CDC_EP0_RxReady)
    USBD_CDC_EP0_RxReady                     0x08003ddd   Thumb Code    50  usbd_cdc.o(i.USBD_CDC_EP0_RxReady)
    i.USBD_CDC_GetDeviceQualifierDescriptor  0x08003e10   Section        0  usbd_cdc.o(i.USBD_CDC_GetDeviceQualifierDescriptor)
    i.USBD_CDC_GetFSCfgDesc                  0x08003e20   Section        0  usbd_cdc.o(i.USBD_CDC_GetFSCfgDesc)
    USBD_CDC_GetFSCfgDesc                    0x08003e21   Thumb Code    10  usbd_cdc.o(i.USBD_CDC_GetFSCfgDesc)
    i.USBD_CDC_GetHSCfgDesc                  0x08003e30   Section        0  usbd_cdc.o(i.USBD_CDC_GetHSCfgDesc)
    USBD_CDC_GetHSCfgDesc                    0x08003e31   Thumb Code    10  usbd_cdc.o(i.USBD_CDC_GetHSCfgDesc)
    i.USBD_CDC_GetOtherSpeedCfgDesc          0x08003e40   Section        0  usbd_cdc.o(i.USBD_CDC_GetOtherSpeedCfgDesc)
    USBD_CDC_GetOtherSpeedCfgDesc            0x08003e41   Thumb Code    10  usbd_cdc.o(i.USBD_CDC_GetOtherSpeedCfgDesc)
    i.USBD_CDC_Init                          0x08003e50   Section        0  usbd_cdc.o(i.USBD_CDC_Init)
    USBD_CDC_Init                            0x08003e51   Thumb Code   184  usbd_cdc.o(i.USBD_CDC_Init)
    i.USBD_CDC_ReceivePacket                 0x08003f08   Section        0  usbd_cdc.o(i.USBD_CDC_ReceivePacket)
    i.USBD_CDC_RegisterInterface             0x08003f42   Section        0  usbd_cdc.o(i.USBD_CDC_RegisterInterface)
    i.USBD_CDC_SetRxBuffer                   0x08003f50   Section        0  usbd_cdc.o(i.USBD_CDC_SetRxBuffer)
    i.USBD_CDC_SetTxBuffer                   0x08003f5e   Section        0  usbd_cdc.o(i.USBD_CDC_SetTxBuffer)
    i.USBD_CDC_Setup                         0x08003f72   Section        0  usbd_cdc.o(i.USBD_CDC_Setup)
    USBD_CDC_Setup                           0x08003f73   Thumb Code   244  usbd_cdc.o(i.USBD_CDC_Setup)
    i.USBD_ClrClassConfig                    0x08004066   Section        0  usbd_core.o(i.USBD_ClrClassConfig)
    i.USBD_ClrFeature                        0x0800407c   Section        0  usbd_ctlreq.o(i.USBD_ClrFeature)
    USBD_ClrFeature                          0x0800407d   Thumb Code    62  usbd_ctlreq.o(i.USBD_ClrFeature)
    i.USBD_CtlContinueRx                     0x080040ba   Section        0  usbd_ioreq.o(i.USBD_CtlContinueRx)
    i.USBD_CtlContinueSendData               0x080040d2   Section        0  usbd_ioreq.o(i.USBD_CtlContinueSendData)
    i.USBD_CtlError                          0x080040ea   Section        0  usbd_ctlreq.o(i.USBD_CtlError)
    i.USBD_CtlPrepareRx                      0x08004102   Section        0  usbd_ioreq.o(i.USBD_CtlPrepareRx)
    i.USBD_CtlReceiveStatus                  0x0800412a   Section        0  usbd_ioreq.o(i.USBD_CtlReceiveStatus)
    i.USBD_CtlSendData                       0x08004144   Section        0  usbd_ioreq.o(i.USBD_CtlSendData)
    i.USBD_CtlSendStatus                     0x08004166   Section        0  usbd_ioreq.o(i.USBD_CtlSendStatus)
    i.USBD_FS_ConfigStrDescriptor            0x08004180   Section        0  usbd_desc.o(i.USBD_FS_ConfigStrDescriptor)
    i.USBD_FS_DeviceDescriptor               0x080041b4   Section        0  usbd_desc.o(i.USBD_FS_DeviceDescriptor)
    i.USBD_FS_InterfaceStrDescriptor         0x080041c4   Section        0  usbd_desc.o(i.USBD_FS_InterfaceStrDescriptor)
    i.USBD_FS_LangIDStrDescriptor            0x080041fc   Section        0  usbd_desc.o(i.USBD_FS_LangIDStrDescriptor)
    i.USBD_FS_ManufacturerStrDescriptor      0x0800420c   Section        0  usbd_desc.o(i.USBD_FS_ManufacturerStrDescriptor)
    i.USBD_FS_ProductStrDescriptor           0x08004238   Section        0  usbd_desc.o(i.USBD_FS_ProductStrDescriptor)
    i.USBD_FS_SerialStrDescriptor            0x08004278   Section        0  usbd_desc.o(i.USBD_FS_SerialStrDescriptor)
    i.USBD_GetConfig                         0x08004290   Section        0  usbd_ctlreq.o(i.USBD_GetConfig)
    USBD_GetConfig                           0x08004291   Thumb Code    86  usbd_ctlreq.o(i.USBD_GetConfig)
    i.USBD_GetDescriptor                     0x080042e6   Section        0  usbd_ctlreq.o(i.USBD_GetDescriptor)
    USBD_GetDescriptor                       0x080042e7   Thumb Code   500  usbd_ctlreq.o(i.USBD_GetDescriptor)
    i.USBD_GetLen                            0x080044da   Section        0  usbd_ctlreq.o(i.USBD_GetLen)
    USBD_GetLen                              0x080044db   Thumb Code    20  usbd_ctlreq.o(i.USBD_GetLen)
    i.USBD_GetStatus                         0x080044ee   Section        0  usbd_ctlreq.o(i.USBD_GetStatus)
    USBD_GetStatus                           0x080044ef   Thumb Code    90  usbd_ctlreq.o(i.USBD_GetStatus)
    i.USBD_GetString                         0x08004548   Section        0  usbd_ctlreq.o(i.USBD_GetString)
    i.USBD_Get_USB_Status                    0x0800459a   Section        0  usbd_conf.o(i.USBD_Get_USB_Status)
    USBD_Get_USB_Status                      0x0800459b   Thumb Code    44  usbd_conf.o(i.USBD_Get_USB_Status)
    i.USBD_Init                              0x080045c6   Section        0  usbd_core.o(i.USBD_Init)
    i.USBD_LL_ClearStallEP                   0x080045f8   Section        0  usbd_conf.o(i.USBD_LL_ClearStallEP)
    i.USBD_LL_CloseEP                        0x0800461e   Section        0  usbd_conf.o(i.USBD_LL_CloseEP)
    i.USBD_LL_DataInStage                    0x08004644   Section        0  usbd_core.o(i.USBD_LL_DataInStage)
    i.USBD_LL_DataOutStage                   0x08004744   Section        0  usbd_core.o(i.USBD_LL_DataOutStage)
    i.USBD_LL_GetRxDataSize                  0x080047ea   Section        0  usbd_conf.o(i.USBD_LL_GetRxDataSize)
    i.USBD_LL_Init                           0x080047fc   Section        0  usbd_conf.o(i.USBD_LL_Init)
    i.USBD_LL_IsStallEP                      0x08004880   Section        0  usbd_conf.o(i.USBD_LL_IsStallEP)
    i.USBD_LL_OpenEP                         0x080048b8   Section        0  usbd_conf.o(i.USBD_LL_OpenEP)
    i.USBD_LL_PrepareReceive                 0x080048e8   Section        0  usbd_conf.o(i.USBD_LL_PrepareReceive)
    i.USBD_LL_Reset                          0x08004918   Section        0  usbd_core.o(i.USBD_LL_Reset)
    i.USBD_LL_Resume                         0x08004974   Section        0  usbd_core.o(i.USBD_LL_Resume)
    i.USBD_LL_SOF                            0x0800498a   Section        0  usbd_core.o(i.USBD_LL_SOF)
    i.USBD_LL_SetSpeed                       0x080049ac   Section        0  usbd_core.o(i.USBD_LL_SetSpeed)
    i.USBD_LL_SetUSBAddress                  0x080049b4   Section        0  usbd_conf.o(i.USBD_LL_SetUSBAddress)
    i.USBD_LL_SetupStage                     0x080049da   Section        0  usbd_core.o(i.USBD_LL_SetupStage)
    i.USBD_LL_StallEP                        0x08004a48   Section        0  usbd_conf.o(i.USBD_LL_StallEP)
    i.USBD_LL_Start                          0x08004a6e   Section        0  usbd_conf.o(i.USBD_LL_Start)
    i.USBD_LL_Suspend                        0x08004a8c   Section        0  usbd_core.o(i.USBD_LL_Suspend)
    i.USBD_LL_Transmit                       0x08004aa0   Section        0  usbd_conf.o(i.USBD_LL_Transmit)
    i.USBD_ParseSetupRequest                 0x08004ad0   Section        0  usbd_ctlreq.o(i.USBD_ParseSetupRequest)
    i.USBD_RegisterClass                     0x08004af8   Section        0  usbd_core.o(i.USBD_RegisterClass)
    i.USBD_RunTestMode                       0x08004b08   Section        0  usbd_core.o(i.USBD_RunTestMode)
    i.USBD_SetAddress                        0x08004b0e   Section        0  usbd_ctlreq.o(i.USBD_SetAddress)
    USBD_SetAddress                          0x08004b0f   Thumb Code    90  usbd_ctlreq.o(i.USBD_SetAddress)
    i.USBD_SetClassConfig                    0x08004b68   Section        0  usbd_core.o(i.USBD_SetClassConfig)
    i.USBD_SetConfig                         0x08004b8c   Section        0  usbd_ctlreq.o(i.USBD_SetConfig)
    USBD_SetConfig                           0x08004b8d   Thumb Code   228  usbd_ctlreq.o(i.USBD_SetConfig)
    i.USBD_SetFeature                        0x08004c74   Section        0  usbd_ctlreq.o(i.USBD_SetFeature)
    USBD_SetFeature                          0x08004c75   Thumb Code    24  usbd_ctlreq.o(i.USBD_SetFeature)
    i.USBD_Start                             0x08004c8c   Section        0  usbd_core.o(i.USBD_Start)
    i.USBD_StdDevReq                         0x08004c9a   Section        0  usbd_ctlreq.o(i.USBD_StdDevReq)
    i.USBD_StdEPReq                          0x08004d3c   Section        0  usbd_ctlreq.o(i.USBD_StdEPReq)
    i.USBD_StdItfReq                         0x08004f74   Section        0  usbd_ctlreq.o(i.USBD_StdItfReq)
    i.USBD_static_free                       0x08004ff2   Section        0  usbd_conf.o(i.USBD_static_free)
    i.USBD_static_malloc                     0x08004ff4   Section        0  usbd_conf.o(i.USBD_static_malloc)
    i.USB_ActivateEndpoint                   0x08005000   Section        0  stm32f1xx_ll_usb.o(i.USB_ActivateEndpoint)
    i.USB_CoreInit                           0x080054b0   Section        0  stm32f1xx_ll_usb.o(i.USB_CoreInit)
    i.USB_DeactivateEndpoint                 0x080054b8   Section        0  stm32f1xx_ll_usb.o(i.USB_DeactivateEndpoint)
    i.USB_DevConnect                         0x08005734   Section        0  stm32f1xx_ll_usb.o(i.USB_DevConnect)
    i.USB_DevDisconnect                      0x0800573a   Section        0  stm32f1xx_ll_usb.o(i.USB_DevDisconnect)
    i.USB_DevInit                            0x08005740   Section        0  stm32f1xx_ll_usb.o(i.USB_DevInit)
    i.USB_DisableGlobalInt                   0x08005756   Section        0  stm32f1xx_ll_usb.o(i.USB_DisableGlobalInt)
    i.USB_EP0_OutStart                       0x0800576a   Section        0  stm32f1xx_ll_usb.o(i.USB_EP0_OutStart)
    i.USB_EPClearStall                       0x08005770   Section        0  stm32f1xx_ll_usb.o(i.USB_EPClearStall)
    i.USB_EPSetStall                         0x0800584a   Section        0  stm32f1xx_ll_usb.o(i.USB_EPSetStall)
    i.USB_EPStartXfer                        0x080058a6   Section        0  stm32f1xx_ll_usb.o(i.USB_EPStartXfer)
    i.USB_EnableGlobalInt                    0x080062f6   Section        0  stm32f1xx_ll_usb.o(i.USB_EnableGlobalInt)
    i.USB_LP_CAN1_RX0_IRQHandler             0x08006308   Section        0  stm32f1xx_it.o(i.USB_LP_CAN1_RX0_IRQHandler)
    i.USB_ReadInterrupts                     0x08006318   Section        0  stm32f1xx_ll_usb.o(i.USB_ReadInterrupts)
    i.USB_ReadPMA                            0x08006320   Section        0  stm32f1xx_ll_usb.o(i.USB_ReadPMA)
    i.USB_SetCurrentMode                     0x0800636a   Section        0  stm32f1xx_ll_usb.o(i.USB_SetCurrentMode)
    i.USB_SetDevAddress                      0x08006370   Section        0  stm32f1xx_ll_usb.o(i.USB_SetDevAddress)
    i.USB_WritePMA                           0x0800637e   Section        0  stm32f1xx_ll_usb.o(i.USB_WritePMA)
    i.UsageFault_Handler                     0x080063be   Section        0  stm32f1xx_it.o(i.UsageFault_Handler)
    i.__NVIC_GetPriorityGrouping             0x080063c4   Section        0  stm32f1xx_hal_cortex.o(i.__NVIC_GetPriorityGrouping)
    __NVIC_GetPriorityGrouping               0x080063c5   Thumb Code    10  stm32f1xx_hal_cortex.o(i.__NVIC_GetPriorityGrouping)
    i.__NVIC_SetPriority                     0x080063d4   Section        0  stm32f1xx_hal_cortex.o(i.__NVIC_SetPriority)
    __NVIC_SetPriority                       0x080063d5   Thumb Code    32  stm32f1xx_hal_cortex.o(i.__NVIC_SetPriority)
    i.main                                   0x080063fc   Section        0  main.o(i.main)
    .constdata                               0x0800654c   Section       18  stm32f1xx_hal_rcc.o(.constdata)
    aPLLMULFactorTable                       0x0800654c   Data          16  stm32f1xx_hal_rcc.o(.constdata)
    aPredivFactorTable                       0x0800655c   Data           2  stm32f1xx_hal_rcc.o(.constdata)
    .constdata                               0x0800655e   Section       24  system_stm32f1xx.o(.constdata)
    .data                                    0x20000000   Section     4354  main.o(.data)
    Flash_write_time                         0x20001100   Data           2  main.o(.data)
    .data                                    0x20001104   Section        9  stm32f1xx_hal.o(.data)
    .data                                    0x20001110   Section        4  system_stm32f1xx.o(.data)
    .data                                    0x20001114   Section       78  usbd_desc.o(.data)
    .data                                    0x20001164   Section       16  usbd_cdc_if.o(.data)
    .data                                    0x20001174   Section        1  usbd_ctlreq.o(.data)
    cfgidx                                   0x20001174   Data           1  usbd_ctlreq.o(.data)
    .data                                    0x20001178   Section      271  usbd_cdc.o(.data)
    USBD_CDC_DeviceQualifierDesc             0x20001178   Data          10  usbd_cdc.o(.data)
    .bss                                     0x20001288   Section     1024  main.o(.bss)
    .bss                                     0x20001688   Section       84  i2c.o(.bss)
    .bss                                     0x200016dc   Section       72  tim.o(.bss)
    .bss                                     0x20001728   Section       32  stm32f1xx_hal_flash.o(.bss)
    .bss                                     0x20001748   Section     1024  oled.o(.bss)
    OLED_buffer                              0x20001748   Data        1024  oled.o(.bss)
    .bss                                     0x20001b48   Section      708  usb_device.o(.bss)
    .bss                                     0x20001e0c   Section      512  usbd_desc.o(.bss)
    .bss                                     0x2000200c   Section     2048  usbd_cdc_if.o(.bss)
    .bss                                     0x2000280c   Section     1296  usbd_conf.o(.bss)
    mem                                      0x20002afc   Data         544  usbd_conf.o(.bss)
    .bss                                     0x20002d1c   Section       96  libspace.o(.bss)
    HEAP                                     0x20002d80   Section      512  startup_stm32f103xb.o(HEAP)
    Heap_Mem                                 0x20002d80   Data         512  startup_stm32f103xb.o(HEAP)
    STACK                                    0x20002f80   Section     1024  startup_stm32f103xb.o(STACK)
    Stack_Mem                                0x20002f80   Data        1024  startup_stm32f103xb.o(STACK)
    __initial_sp                             0x20003380   Data           0  startup_stm32f103xb.o(STACK)

    Global Symbols

    Symbol Name                              Value     Ov Type        Size  Object(Section)

    BuildAttributes$$THM_ISAv4$P$D$K$B$S$PE$A:L22UL41UL21$X:L11$S22US41US21$IEEE1$IW$USESV6$~STKCKD$USESV7$~SHL$OSPACE$ROPI$EBA8$UX$STANDARDLIB$REQ8$PRES8$EABIv2 0x00000000   Number         0  anon$$obj.o ABSOLUTE
    __ARM_use_no_argv                        0x00000000   Number         0  main.o ABSOLUTE
    __ARM_exceptions_init                     - Undefined Weak Reference
    __alloca_initialize                       - Undefined Weak Reference
    __arm_fini_                               - Undefined Weak Reference
    __arm_preinit_                            - Undefined Weak Reference
    __cpp_initialize__aeabi_                  - Undefined Weak Reference
    __cxa_finalize                            - Undefined Weak Reference
    __rt_locale                               - Undefined Weak Reference
    __sigvec_lookup                           - Undefined Weak Reference
    _atexit_init                              - Undefined Weak Reference
    _call_atexit_fns                          - Undefined Weak Reference
    _clock_init                               - Undefined Weak Reference
    _fp_trap_init                             - Undefined Weak Reference
    _fp_trap_shutdown                         - Undefined Weak Reference
    _get_lc_collate                           - Undefined Weak Reference
    _get_lc_ctype                             - Undefined Weak Reference
    _get_lc_monetary                          - Undefined Weak Reference
    _get_lc_numeric                           - Undefined Weak Reference
    _get_lc_time                              - Undefined Weak Reference
    _getenv_init                              - Undefined Weak Reference
    _handle_redirection                       - Undefined Weak Reference
    _init_alloc                               - Undefined Weak Reference
    _init_user_alloc                          - Undefined Weak Reference
    _initio                                   - Undefined Weak Reference
    _rand_init                                - Undefined Weak Reference
    _signal_finish                            - Undefined Weak Reference
    _signal_init                              - Undefined Weak Reference
    _terminate_alloc                          - Undefined Weak Reference
    _terminate_user_alloc                     - Undefined Weak Reference
    _terminateio                              - Undefined Weak Reference
    __Vectors_Size                           0x000000ec   Number         0  startup_stm32f103xb.o ABSOLUTE
    __Vectors                                0x08000000   Data           4  startup_stm32f103xb.o(RESET)
    __Vectors_End                            0x080000ec   Data           0  startup_stm32f103xb.o(RESET)
    __main                                   0x080000ed   Thumb Code     8  __main.o(!!!main)
    __scatterload                            0x080000f5   Thumb Code     0  __scatter.o(!!!scatter)
    __scatterload_rt2                        0x080000f5   Thumb Code    44  __scatter.o(!!!scatter)
    __scatterload_rt2_thumb_only             0x080000f5   Thumb Code     0  __scatter.o(!!!scatter)
    __scatterload_null                       0x08000103   Thumb Code     0  __scatter.o(!!!scatter)
    __decompress                             0x08000129   Thumb Code    90  __dczerorl2.o(!!dczerorl2)
    __decompress1                            0x08000129   Thumb Code     0  __dczerorl2.o(!!dczerorl2)
    __scatterload_zeroinit                   0x08000185   Thumb Code    28  __scatter_zi.o(!!handler_zi)
    __rt_lib_init                            0x080001a1   Thumb Code     0  libinit.o(.ARM.Collect$$libinit$$00000000)
    __rt_lib_init_alloca_1                   0x080001a3   Thumb Code     0  libinit2.o(.ARM.Collect$$libinit$$0000002E)
    __rt_lib_init_argv_1                     0x080001a3   Thumb Code     0  libinit2.o(.ARM.Collect$$libinit$$0000002C)
    __rt_lib_init_atexit_1                   0x080001a3   Thumb Code     0  libinit2.o(.ARM.Collect$$libinit$$0000001B)
    __rt_lib_init_clock_1                    0x080001a3   Thumb Code     0  libinit2.o(.ARM.Collect$$libinit$$00000021)
    __rt_lib_init_cpp_1                      0x080001a3   Thumb Code     0  libinit2.o(.ARM.Collect$$libinit$$00000032)
    __rt_lib_init_exceptions_1               0x080001a3   Thumb Code     0  libinit2.o(.ARM.Collect$$libinit$$00000030)
    __rt_lib_init_fp_1                       0x080001a3   Thumb Code     0  libinit2.o(.ARM.Collect$$libinit$$00000002)
    __rt_lib_init_fp_trap_1                  0x080001a3   Thumb Code     0  libinit2.o(.ARM.Collect$$libinit$$0000001F)
    __rt_lib_init_getenv_1                   0x080001a3   Thumb Code     0  libinit2.o(.ARM.Collect$$libinit$$00000023)
    __rt_lib_init_heap_1                     0x080001a3   Thumb Code     0  libinit2.o(.ARM.Collect$$libinit$$0000000A)
    __rt_lib_init_lc_collate_1               0x080001a3   Thumb Code     0  libinit2.o(.ARM.Collect$$libinit$$00000011)
    __rt_lib_init_lc_ctype_1                 0x080001a3   Thumb Code     0  libinit2.o(.ARM.Collect$$libinit$$00000013)
    __rt_lib_init_lc_monetary_1              0x080001a3   Thumb Code     0  libinit2.o(.ARM.Collect$$libinit$$00000015)
    __rt_lib_init_lc_numeric_1               0x080001a3   Thumb Code     0  libinit2.o(.ARM.Collect$$libinit$$00000017)
    __rt_lib_init_lc_time_1                  0x080001a3   Thumb Code     0  libinit2.o(.ARM.Collect$$libinit$$00000019)
    __rt_lib_init_preinit_1                  0x080001a3   Thumb Code     0  libinit2.o(.ARM.Collect$$libinit$$00000004)
    __rt_lib_init_rand_1                     0x080001a3   Thumb Code     0  libinit2.o(.ARM.Collect$$libinit$$0000000E)
    __rt_lib_init_return                     0x080001a3   Thumb Code     0  libinit2.o(.ARM.Collect$$libinit$$00000033)
    __rt_lib_init_signal_1                   0x080001a3   Thumb Code     0  libinit2.o(.ARM.Collect$$libinit$$0000001D)
    __rt_lib_init_stdio_1                    0x080001a3   Thumb Code     0  libinit2.o(.ARM.Collect$$libinit$$00000025)
    __rt_lib_init_user_alloc_1               0x080001a3   Thumb Code     0  libinit2.o(.ARM.Collect$$libinit$$0000000C)
    __rt_lib_shutdown                        0x080001a5   Thumb Code     0  libshutdown.o(.ARM.Collect$$libshutdown$$00000000)
    __rt_lib_shutdown_cpp_1                  0x080001a7   Thumb Code     0  libshutdown2.o(.ARM.Collect$$libshutdown$$00000004)
    __rt_lib_shutdown_fini_1                 0x080001a7   Thumb Code     0  libshutdown2.o(.ARM.Collect$$libshutdown$$00000002)
    __rt_lib_shutdown_fp_trap_1              0x080001a7   Thumb Code     0  libshutdown2.o(.ARM.Collect$$libshutdown$$00000009)
    __rt_lib_shutdown_heap_1                 0x080001a7   Thumb Code     0  libshutdown2.o(.ARM.Collect$$libshutdown$$00000011)
    __rt_lib_shutdown_return                 0x080001a7   Thumb Code     0  libshutdown2.o(.ARM.Collect$$libshutdown$$00000012)
    __rt_lib_shutdown_signal_1               0x080001a7   Thumb Code     0  libshutdown2.o(.ARM.Collect$$libshutdown$$0000000C)
    __rt_lib_shutdown_stdio_1                0x080001a7   Thumb Code     0  libshutdown2.o(.ARM.Collect$$libshutdown$$00000006)
    __rt_lib_shutdown_user_alloc_1           0x080001a7   Thumb Code     0  libshutdown2.o(.ARM.Collect$$libshutdown$$0000000E)
    __rt_entry                               0x080001a9   Thumb Code     0  __rtentry.o(.ARM.Collect$$rtentry$$00000000)
    __rt_entry_presh_1                       0x080001a9   Thumb Code     0  __rtentry2.o(.ARM.Collect$$rtentry$$00000002)
    __rt_entry_sh                            0x080001a9   Thumb Code     0  __rtentry4.o(.ARM.Collect$$rtentry$$00000004)
    __rt_entry_li                            0x080001af   Thumb Code     0  __rtentry2.o(.ARM.Collect$$rtentry$$0000000A)
    __rt_entry_postsh_1                      0x080001af   Thumb Code     0  __rtentry2.o(.ARM.Collect$$rtentry$$00000009)
    __rt_entry_main                          0x080001b3   Thumb Code     0  __rtentry2.o(.ARM.Collect$$rtentry$$0000000D)
    __rt_entry_postli_1                      0x080001b3   Thumb Code     0  __rtentry2.o(.ARM.Collect$$rtentry$$0000000C)
    __rt_exit                                0x080001bb   Thumb Code     0  rtexit.o(.ARM.Collect$$rtexit$$00000000)
    __rt_exit_ls                             0x080001bd   Thumb Code     0  rtexit2.o(.ARM.Collect$$rtexit$$00000003)
    __rt_exit_prels_1                        0x080001bd   Thumb Code     0  rtexit2.o(.ARM.Collect$$rtexit$$00000002)
    __rt_exit_exit                           0x080001c1   Thumb Code     0  rtexit2.o(.ARM.Collect$$rtexit$$00000004)
    Reset_Handler                            0x080001c9   Thumb Code     8  startup_stm32f103xb.o(.text)
    ADC1_2_IRQHandler                        0x080001e3   Thumb Code     0  startup_stm32f103xb.o(.text)
    CAN1_RX1_IRQHandler                      0x080001e3   Thumb Code     0  startup_stm32f103xb.o(.text)
    CAN1_SCE_IRQHandler                      0x080001e3   Thumb Code     0  startup_stm32f103xb.o(.text)
    DMA1_Channel1_IRQHandler                 0x080001e3   Thumb Code     0  startup_stm32f103xb.o(.text)
    DMA1_Channel2_IRQHandler                 0x080001e3   Thumb Code     0  startup_stm32f103xb.o(.text)
    DMA1_Channel3_IRQHandler                 0x080001e3   Thumb Code     0  startup_stm32f103xb.o(.text)
    DMA1_Channel4_IRQHandler                 0x080001e3   Thumb Code     0  startup_stm32f103xb.o(.text)
    DMA1_Channel5_IRQHandler                 0x080001e3   Thumb Code     0  startup_stm32f103xb.o(.text)
    DMA1_Channel6_IRQHandler                 0x080001e3   Thumb Code     0  startup_stm32f103xb.o(.text)
    DMA1_Channel7_IRQHandler                 0x080001e3   Thumb Code     0  startup_stm32f103xb.o(.text)
    EXTI0_IRQHandler                         0x080001e3   Thumb Code     0  startup_stm32f103xb.o(.text)
    EXTI15_10_IRQHandler                     0x080001e3   Thumb Code     0  startup_stm32f103xb.o(.text)
    EXTI1_IRQHandler                         0x080001e3   Thumb Code     0  startup_stm32f103xb.o(.text)
    EXTI2_IRQHandler                         0x080001e3   Thumb Code     0  startup_stm32f103xb.o(.text)
    EXTI3_IRQHandler                         0x080001e3   Thumb Code     0  startup_stm32f103xb.o(.text)
    EXTI4_IRQHandler                         0x080001e3   Thumb Code     0  startup_stm32f103xb.o(.text)
    EXTI9_5_IRQHandler                       0x080001e3   Thumb Code     0  startup_stm32f103xb.o(.text)
    FLASH_IRQHandler                         0x080001e3   Thumb Code     0  startup_stm32f103xb.o(.text)
    I2C1_ER_IRQHandler                       0x080001e3   Thumb Code     0  startup_stm32f103xb.o(.text)
    I2C1_EV_IRQHandler                       0x080001e3   Thumb Code     0  startup_stm32f103xb.o(.text)
    I2C2_ER_IRQHandler                       0x080001e3   Thumb Code     0  startup_stm32f103xb.o(.text)
    I2C2_EV_IRQHandler                       0x080001e3   Thumb Code     0  startup_stm32f103xb.o(.text)
    PVD_IRQHandler                           0x080001e3   Thumb Code     0  startup_stm32f103xb.o(.text)
    RCC_IRQHandler                           0x080001e3   Thumb Code     0  startup_stm32f103xb.o(.text)
    RTC_Alarm_IRQHandler                     0x080001e3   Thumb Code     0  startup_stm32f103xb.o(.text)
    RTC_IRQHandler                           0x080001e3   Thumb Code     0  startup_stm32f103xb.o(.text)
    SPI1_IRQHandler                          0x080001e3   Thumb Code     0  startup_stm32f103xb.o(.text)
    SPI2_IRQHandler                          0x080001e3   Thumb Code     0  startup_stm32f103xb.o(.text)
    TAMPER_IRQHandler                        0x080001e3   Thumb Code     0  startup_stm32f103xb.o(.text)
    TIM1_BRK_IRQHandler                      0x080001e3   Thumb Code     0  startup_stm32f103xb.o(.text)
    TIM1_CC_IRQHandler                       0x080001e3   Thumb Code     0  startup_stm32f103xb.o(.text)
    TIM1_TRG_COM_IRQHandler                  0x080001e3   Thumb Code     0  startup_stm32f103xb.o(.text)
    TIM1_UP_IRQHandler                       0x080001e3   Thumb Code     0  startup_stm32f103xb.o(.text)
    TIM2_IRQHandler                          0x080001e3   Thumb Code     0  startup_stm32f103xb.o(.text)
    TIM3_IRQHandler                          0x080001e3   Thumb Code     0  startup_stm32f103xb.o(.text)
    TIM4_IRQHandler                          0x080001e3   Thumb Code     0  startup_stm32f103xb.o(.text)
    USART1_IRQHandler                        0x080001e3   Thumb Code     0  startup_stm32f103xb.o(.text)
    USART2_IRQHandler                        0x080001e3   Thumb Code     0  startup_stm32f103xb.o(.text)
    USART3_IRQHandler                        0x080001e3   Thumb Code     0  startup_stm32f103xb.o(.text)
    USBWakeUp_IRQHandler                     0x080001e3   Thumb Code     0  startup_stm32f103xb.o(.text)
    USB_HP_CAN1_TX_IRQHandler                0x080001e3   Thumb Code     0  startup_stm32f103xb.o(.text)
    WWDG_IRQHandler                          0x080001e3   Thumb Code     0  startup_stm32f103xb.o(.text)
    __user_initial_stackheap                 0x080001e5   Thumb Code     0  startup_stm32f103xb.o(.text)
    __aeabi_uldivmod                         0x08000209   Thumb Code     0  lludivv7m.o(.text)
    _ll_udiv                                 0x08000209   Thumb Code   238  lludivv7m.o(.text)
    __aeabi_llsr                             0x080002f7   Thumb Code     0  llushr.o(.text)
    _ll_ushift_r                             0x080002f7   Thumb Code    38  llushr.o(.text)
    __aeabi_memcpy                           0x0800031d   Thumb Code     0  rt_memcpy_v6.o(.text)
    __rt_memcpy                              0x0800031d   Thumb Code   138  rt_memcpy_v6.o(.text)
    _memcpy_lastbytes                        0x08000383   Thumb Code     0  rt_memcpy_v6.o(.text)
    __aeabi_memcpy4                          0x080003a7   Thumb Code     0  rt_memcpy_w.o(.text)
    __aeabi_memcpy8                          0x080003a7   Thumb Code     0  rt_memcpy_w.o(.text)
    __rt_memcpy_w                            0x080003a7   Thumb Code   100  rt_memcpy_w.o(.text)
    _memcpy_lastbytes_aligned                0x080003ef   Thumb Code     0  rt_memcpy_w.o(.text)
    __aeabi_memset                           0x0800040b   Thumb Code    16  aeabi_memset.o(.text)
    __aeabi_memclr                           0x0800041b   Thumb Code     0  rt_memclr.o(.text)
    __rt_memclr                              0x0800041b   Thumb Code    68  rt_memclr.o(.text)
    _memset                                  0x0800041f   Thumb Code     0  rt_memclr.o(.text)
    __aeabi_memclr4                          0x0800045f   Thumb Code     0  rt_memclr_w.o(.text)
    __aeabi_memclr8                          0x0800045f   Thumb Code     0  rt_memclr_w.o(.text)
    __rt_memclr_w                            0x0800045f   Thumb Code    78  rt_memclr_w.o(.text)
    _memset_w                                0x08000463   Thumb Code     0  rt_memclr_w.o(.text)
    __use_two_region_memory                  0x080004ad   Thumb Code     2  heapauxi.o(.text)
    __rt_heap_escrow$2region                 0x080004af   Thumb Code     2  heapauxi.o(.text)
    __rt_heap_expand$2region                 0x080004b1   Thumb Code     2  heapauxi.o(.text)
    __user_setup_stackheap                   0x080004b3   Thumb Code    74  sys_stackheap_outer.o(.text)
    exit                                     0x080004fd   Thumb Code    18  exit.o(.text)
    __user_libspace                          0x08000511   Thumb Code     8  libspace.o(.text)
    __user_perproc_libspace                  0x08000511   Thumb Code     0  libspace.o(.text)
    __user_perthread_libspace                0x08000511   Thumb Code     0  libspace.o(.text)
    _sys_exit                                0x08000519   Thumb Code     8  sys_exit.o(.text)
    __I$use$semihosting                      0x08000525   Thumb Code     0  use_no_semi.o(.text)
    __use_no_semihosting_swi                 0x08000525   Thumb Code     2  use_no_semi.o(.text)
    __semihosting_library_function           0x08000527   Thumb Code     0  indicate_semi.o(.text)
    BMP_Flash_Init                           0x08000529   Thumb Code    64  main.o(i.BMP_Flash_Init)
    BusFault_Handler                         0x0800056d   Thumb Code     4  stm32f1xx_it.o(i.BusFault_Handler)
    DebugMon_Handler                         0x08000651   Thumb Code     2  stm32f1xx_it.o(i.DebugMon_Handler)
    Error_Handler                            0x08000653   Thumb Code     6  main.o(i.Error_Handler)
    FLASH_PageErase                          0x08000681   Thumb Code    32  stm32f1xx_hal_flash_ex.o(i.FLASH_PageErase)
    FLASH_WaitForLastOperation               0x0800074d   Thumb Code   106  stm32f1xx_hal_flash.o(i.FLASH_WaitForLastOperation)
    Flash_HAL_Write_N_2Byte_Data             0x080007bd   Thumb Code    90  main.o(i.Flash_HAL_Write_N_2Byte_Data)
    GUI_DrawBMP                              0x0800081d   Thumb Code   172  gui.o(i.GUI_DrawBMP)
    HAL_Delay                                0x080008fd   Thumb Code    36  stm32f1xx_hal.o(i.HAL_Delay)
    HAL_FLASHEx_Erase                        0x08000925   Thumb Code   168  stm32f1xx_hal_flash_ex.o(i.HAL_FLASHEx_Erase)
    HAL_FLASH_Lock                           0x080009d5   Thumb Code    16  stm32f1xx_hal_flash.o(i.HAL_FLASH_Lock)
    HAL_FLASH_Program                        0x080009e9   Thumb Code   168  stm32f1xx_hal_flash.o(i.HAL_FLASH_Program)
    HAL_FLASH_Unlock                         0x08000a99   Thumb Code    36  stm32f1xx_hal_flash.o(i.HAL_FLASH_Unlock)
    HAL_GPIO_Init                            0x08000ac9   Thumb Code   766  stm32f1xx_hal_gpio.o(i.HAL_GPIO_Init)
    HAL_GetTick                              0x08000de9   Thumb Code     6  stm32f1xx_hal.o(i.HAL_GetTick)
    HAL_I2C_Init                             0x08000df5   Thumb Code   446  stm32f1xx_hal_i2c.o(i.HAL_I2C_Init)
    HAL_I2C_Mem_Write                        0x08000fc5   Thumb Code   348  stm32f1xx_hal_i2c.o(i.HAL_I2C_Mem_Write)
    HAL_I2C_MspInit                          0x08001129   Thumb Code   104  i2c.o(i.HAL_I2C_MspInit)
    HAL_IncTick                              0x0800119d   Thumb Code    16  stm32f1xx_hal.o(i.HAL_IncTick)
    HAL_Init                                 0x080011b5   Thumb Code    34  stm32f1xx_hal.o(i.HAL_Init)
    HAL_InitTick                             0x080011dd   Thumb Code    64  stm32f1xx_hal.o(i.HAL_InitTick)
    HAL_MspInit                              0x08001229   Thumb Code    76  stm32f1xx_hal_msp.o(i.HAL_MspInit)
    HAL_NVIC_EnableIRQ                       0x0800127d   Thumb Code    32  stm32f1xx_hal_cortex.o(i.HAL_NVIC_EnableIRQ)
    HAL_NVIC_SetPriority                     0x0800129d   Thumb Code   124  stm32f1xx_hal_cortex.o(i.HAL_NVIC_SetPriority)
    HAL_NVIC_SetPriorityGrouping             0x08001319   Thumb Code    32  stm32f1xx_hal_cortex.o(i.HAL_NVIC_SetPriorityGrouping)
    HAL_PCDEx_PMAConfig                      0x08001341   Thumb Code    68  stm32f1xx_hal_pcd_ex.o(i.HAL_PCDEx_PMAConfig)
    HAL_PCDEx_SetConnectionState             0x08001385   Thumb Code     2  usbd_conf.o(i.HAL_PCDEx_SetConnectionState)
    HAL_PCD_DataInStageCallback              0x08001387   Thumb Code    32  usbd_conf.o(i.HAL_PCD_DataInStageCallback)
    HAL_PCD_DataOutStageCallback             0x080013a7   Thumb Code    32  usbd_conf.o(i.HAL_PCD_DataOutStageCallback)
    HAL_PCD_EP_Close                         0x080013c7   Thumb Code   106  stm32f1xx_hal_pcd.o(i.HAL_PCD_EP_Close)
    HAL_PCD_EP_ClrStall                      0x08001431   Thumb Code   124  stm32f1xx_hal_pcd.o(i.HAL_PCD_EP_ClrStall)
    HAL_PCD_EP_GetRxCount                    0x08001b43   Thumb Code    22  stm32f1xx_hal_pcd.o(i.HAL_PCD_EP_GetRxCount)
    HAL_PCD_EP_Open                          0x08001b59   Thumb Code   132  stm32f1xx_hal_pcd.o(i.HAL_PCD_EP_Open)
    HAL_PCD_EP_Receive                       0x08001bdd   Thumb Code    60  stm32f1xx_hal_pcd.o(i.HAL_PCD_EP_Receive)
    HAL_PCD_EP_SetStall                      0x08001c19   Thumb Code   136  stm32f1xx_hal_pcd.o(i.HAL_PCD_EP_SetStall)
    HAL_PCD_EP_Transmit                      0x08001ca1   Thumb Code    70  stm32f1xx_hal_pcd.o(i.HAL_PCD_EP_Transmit)
    HAL_PCD_IRQHandler                       0x08001ce7   Thumb Code   460  stm32f1xx_hal_pcd.o(i.HAL_PCD_IRQHandler)
    HAL_PCD_Init                             0x08001eb3   Thumb Code   330  stm32f1xx_hal_pcd.o(i.HAL_PCD_Init)
    HAL_PCD_MspInit                          0x08001ffd   Thumb Code    58  usbd_conf.o(i.HAL_PCD_MspInit)
    HAL_PCD_ResetCallback                    0x08002041   Thumb Code    36  usbd_conf.o(i.HAL_PCD_ResetCallback)
    HAL_PCD_ResumeCallback                   0x08002065   Thumb Code    14  usbd_conf.o(i.HAL_PCD_ResumeCallback)
    HAL_PCD_SOFCallback                      0x08002073   Thumb Code    14  usbd_conf.o(i.HAL_PCD_SOFCallback)
    HAL_PCD_SetAddress                       0x08002081   Thumb Code    54  stm32f1xx_hal_pcd.o(i.HAL_PCD_SetAddress)
    HAL_PCD_SetupStageCallback               0x080020b7   Thumb Code    18  usbd_conf.o(i.HAL_PCD_SetupStageCallback)
    HAL_PCD_Start                            0x080020c9   Thumb Code    60  stm32f1xx_hal_pcd.o(i.HAL_PCD_Start)
    HAL_PCD_SuspendCallback                  0x08002105   Thumb Code    30  usbd_conf.o(i.HAL_PCD_SuspendCallback)
    HAL_RCCEx_PeriphCLKConfig                0x08002129   Thumb Code   290  stm32f1xx_hal_rcc_ex.o(i.HAL_RCCEx_PeriphCLKConfig)
    HAL_RCC_ClockConfig                      0x08002259   Thumb Code   376  stm32f1xx_hal_rcc.o(i.HAL_RCC_ClockConfig)
    HAL_RCC_GetHCLKFreq                      0x080023e5   Thumb Code     6  stm32f1xx_hal_rcc.o(i.HAL_RCC_GetHCLKFreq)
    HAL_RCC_GetPCLK1Freq                     0x080023f1   Thumb Code    22  stm32f1xx_hal_rcc.o(i.HAL_RCC_GetPCLK1Freq)
    HAL_RCC_GetSysClockFreq                  0x08002411   Thumb Code    92  stm32f1xx_hal_rcc.o(i.HAL_RCC_GetSysClockFreq)
    HAL_RCC_OscConfig                        0x08002481   Thumb Code  1114  stm32f1xx_hal_rcc.o(i.HAL_RCC_OscConfig)
    HAL_SYSTICK_Config                       0x080028e5   Thumb Code    52  stm32f1xx_hal_cortex.o(i.HAL_SYSTICK_Config)
    HAL_TIMEx_ConfigBreakDeadTime            0x08002919   Thumb Code   116  stm32f1xx_hal_tim_ex.o(i.HAL_TIMEx_ConfigBreakDeadTime)
    HAL_TIMEx_MasterConfigSynchronization    0x0800298d   Thumb Code   118  stm32f1xx_hal_tim_ex.o(i.HAL_TIMEx_MasterConfigSynchronization)
    HAL_TIM_Base_Init                        0x08002a11   Thumb Code   102  stm32f1xx_hal_tim.o(i.HAL_TIM_Base_Init)
    HAL_TIM_Base_MspInit                     0x08002a79   Thumb Code    40  tim.o(i.HAL_TIM_Base_MspInit)
    HAL_TIM_ConfigClockSource                0x08002aa9   Thumb Code   268  stm32f1xx_hal_tim.o(i.HAL_TIM_ConfigClockSource)
    HAL_TIM_PWM_ConfigChannel                0x08002bb5   Thumb Code   260  stm32f1xx_hal_tim.o(i.HAL_TIM_PWM_ConfigChannel)
    HAL_TIM_PWM_Init                         0x08002cb9   Thumb Code   102  stm32f1xx_hal_tim.o(i.HAL_TIM_PWM_Init)
    HAL_TIM_PWM_MspInit                      0x08002d1f   Thumb Code     2  stm32f1xx_hal_tim.o(i.HAL_TIM_PWM_MspInit)
    HardFault_Handler                        0x08002d21   Thumb Code     4  stm32f1xx_it.o(i.HardFault_Handler)
    MX_GPIO_Init                             0x08003109   Thumb Code    84  gpio.o(i.MX_GPIO_Init)
    MX_I2C1_Init                             0x08003161   Thumb Code    48  i2c.o(i.MX_I2C1_Init)
    MX_TIM1_Init                             0x0800319d   Thumb Code   200  tim.o(i.MX_TIM1_Init)
    MX_USB_DEVICE_Init                       0x0800326d   Thumb Code    60  usb_device.o(i.MX_USB_DEVICE_Init)
    MemManage_Handler                        0x080032b9   Thumb Code     4  stm32f1xx_it.o(i.MemManage_Handler)
    NMI_Handler                              0x080032bd   Thumb Code     4  stm32f1xx_it.o(i.NMI_Handler)
    OLED_Clear                               0x080032c1   Thumb Code    36  oled.o(i.OLED_Clear)
    OLED_Display                             0x080032e9   Thumb Code    70  oled.o(i.OLED_Display)
    OLED_Init                                0x08003335   Thumb Code   210  oled.o(i.OLED_Init)
    OLED_Set_Pixel                           0x08003409   Thumb Code   122  oled.o(i.OLED_Set_Pixel)
    OLED_WR_Byte                             0x08003489   Thumb Code    66  oled.o(i.OLED_WR_Byte)
    PendSV_Handler                           0x080039c3   Thumb Code     2  stm32f1xx_it.o(i.PendSV_Handler)
    SVC_Handler                              0x080039ed   Thumb Code     2  stm32f1xx_it.o(i.SVC_Handler)
    SysTick_Handler                          0x080039ef   Thumb Code     8  stm32f1xx_it.o(i.SysTick_Handler)
    SystemClock_Config                       0x080039f7   Thumb Code   132  main.o(i.SystemClock_Config)
    SystemInit                               0x08003a7b   Thumb Code     2  system_stm32f1xx.o(i.SystemInit)
    TIM_Base_SetConfig                       0x08003a7d   Thumb Code   104  stm32f1xx_hal_tim.o(i.TIM_Base_SetConfig)
    TIM_ETR_SetConfig                        0x08003af1   Thumb Code    22  stm32f1xx_hal_tim.o(i.TIM_ETR_SetConfig)
    TIM_OC2_SetConfig                        0x08003b79   Thumb Code   100  stm32f1xx_hal_tim.o(i.TIM_OC2_SetConfig)
    USBD_CDC_GetDeviceQualifierDescriptor    0x08003e11   Thumb Code    10  usbd_cdc.o(i.USBD_CDC_GetDeviceQualifierDescriptor)
    USBD_CDC_ReceivePacket                   0x08003f09   Thumb Code    58  usbd_cdc.o(i.USBD_CDC_ReceivePacket)
    USBD_CDC_RegisterInterface               0x08003f43   Thumb Code    14  usbd_cdc.o(i.USBD_CDC_RegisterInterface)
    USBD_CDC_SetRxBuffer                     0x08003f51   Thumb Code    14  usbd_cdc.o(i.USBD_CDC_SetRxBuffer)
    USBD_CDC_SetTxBuffer                     0x08003f5f   Thumb Code    20  usbd_cdc.o(i.USBD_CDC_SetTxBuffer)
    USBD_ClrClassConfig                      0x08004067   Thumb Code    22  usbd_core.o(i.USBD_ClrClassConfig)
    USBD_CtlContinueRx                       0x080040bb   Thumb Code    24  usbd_ioreq.o(i.USBD_CtlContinueRx)
    USBD_CtlContinueSendData                 0x080040d3   Thumb Code    24  usbd_ioreq.o(i.USBD_CtlContinueSendData)
    USBD_CtlError                            0x080040eb   Thumb Code    24  usbd_ctlreq.o(i.USBD_CtlError)
    USBD_CtlPrepareRx                        0x08004103   Thumb Code    40  usbd_ioreq.o(i.USBD_CtlPrepareRx)
    USBD_CtlReceiveStatus                    0x0800412b   Thumb Code    26  usbd_ioreq.o(i.USBD_CtlReceiveStatus)
    USBD_CtlSendData                         0x08004145   Thumb Code    34  usbd_ioreq.o(i.USBD_CtlSendData)
    USBD_CtlSendStatus                       0x08004167   Thumb Code    26  usbd_ioreq.o(i.USBD_CtlSendStatus)
    USBD_FS_ConfigStrDescriptor              0x08004181   Thumb Code    34  usbd_desc.o(i.USBD_FS_ConfigStrDescriptor)
    USBD_FS_DeviceDescriptor                 0x080041b5   Thumb Code    10  usbd_desc.o(i.USBD_FS_DeviceDescriptor)
    USBD_FS_InterfaceStrDescriptor           0x080041c5   Thumb Code    34  usbd_desc.o(i.USBD_FS_InterfaceStrDescriptor)
    USBD_FS_LangIDStrDescriptor              0x080041fd   Thumb Code    10  usbd_desc.o(i.USBD_FS_LangIDStrDescriptor)
    USBD_FS_ManufacturerStrDescriptor        0x0800420d   Thumb Code    20  usbd_desc.o(i.USBD_FS_ManufacturerStrDescriptor)
    USBD_FS_ProductStrDescriptor             0x08004239   Thumb Code    34  usbd_desc.o(i.USBD_FS_ProductStrDescriptor)
    USBD_FS_SerialStrDescriptor              0x08004279   Thumb Code    18  usbd_desc.o(i.USBD_FS_SerialStrDescriptor)
    USBD_GetString                           0x08004549   Thumb Code    82  usbd_ctlreq.o(i.USBD_GetString)
    USBD_Init                                0x080045c7   Thumb Code    50  usbd_core.o(i.USBD_Init)
    USBD_LL_ClearStallEP                     0x080045f9   Thumb Code    38  usbd_conf.o(i.USBD_LL_ClearStallEP)
    USBD_LL_CloseEP                          0x0800461f   Thumb Code    38  usbd_conf.o(i.USBD_LL_CloseEP)
    USBD_LL_DataInStage                      0x08004645   Thumb Code   256  usbd_core.o(i.USBD_LL_DataInStage)
    USBD_LL_DataOutStage                     0x08004745   Thumb Code   166  usbd_core.o(i.USBD_LL_DataOutStage)
    USBD_LL_GetRxDataSize                    0x080047eb   Thumb Code    18  usbd_conf.o(i.USBD_LL_GetRxDataSize)
    USBD_LL_Init                             0x080047fd   Thumb Code   124  usbd_conf.o(i.USBD_LL_Init)
    USBD_LL_IsStallEP                        0x08004881   Thumb Code    56  usbd_conf.o(i.USBD_LL_IsStallEP)
    USBD_LL_OpenEP                           0x080048b9   Thumb Code    48  usbd_conf.o(i.USBD_LL_OpenEP)
    USBD_LL_PrepareReceive                   0x080048e9   Thumb Code    48  usbd_conf.o(i.USBD_LL_PrepareReceive)
    USBD_LL_Reset                            0x08004919   Thumb Code    92  usbd_core.o(i.USBD_LL_Reset)
    USBD_LL_Resume                           0x08004975   Thumb Code    22  usbd_core.o(i.USBD_LL_Resume)
    USBD_LL_SOF                              0x0800498b   Thumb Code    34  usbd_core.o(i.USBD_LL_SOF)
    USBD_LL_SetSpeed                         0x080049ad   Thumb Code     8  usbd_core.o(i.USBD_LL_SetSpeed)
    USBD_LL_SetUSBAddress                    0x080049b5   Thumb Code    38  usbd_conf.o(i.USBD_LL_SetUSBAddress)
    USBD_LL_SetupStage                       0x080049db   Thumb Code   110  usbd_core.o(i.USBD_LL_SetupStage)
    USBD_LL_StallEP                          0x08004a49   Thumb Code    38  usbd_conf.o(i.USBD_LL_StallEP)
    USBD_LL_Start                            0x08004a6f   Thumb Code    30  usbd_conf.o(i.USBD_LL_Start)
    USBD_LL_Suspend                          0x08004a8d   Thumb Code    20  usbd_core.o(i.USBD_LL_Suspend)
    USBD_LL_Transmit                         0x08004aa1   Thumb Code    48  usbd_conf.o(i.USBD_LL_Transmit)
    USBD_ParseSetupRequest                   0x08004ad1   Thumb Code    40  usbd_ctlreq.o(i.USBD_ParseSetupRequest)
    USBD_RegisterClass                       0x08004af9   Thumb Code    16  usbd_core.o(i.USBD_RegisterClass)
    USBD_RunTestMode                         0x08004b09   Thumb Code     6  usbd_core.o(i.USBD_RunTestMode)
    USBD_SetClassConfig                      0x08004b69   Thumb Code    34  usbd_core.o(i.USBD_SetClassConfig)
    USBD_Start                               0x08004c8d   Thumb Code    14  usbd_core.o(i.USBD_Start)
    USBD_StdDevReq                           0x08004c9b   Thumb Code   162  usbd_ctlreq.o(i.USBD_StdDevReq)
    USBD_StdEPReq                            0x08004d3d   Thumb Code   568  usbd_ctlreq.o(i.USBD_StdEPReq)
    USBD_StdItfReq                           0x08004f75   Thumb Code   126  usbd_ctlreq.o(i.USBD_StdItfReq)
    USBD_static_free                         0x08004ff3   Thumb Code     2  usbd_conf.o(i.USBD_static_free)
    USBD_static_malloc                       0x08004ff5   Thumb Code     6  usbd_conf.o(i.USBD_static_malloc)
    USB_ActivateEndpoint                     0x08005001   Thumb Code  1200  stm32f1xx_ll_usb.o(i.USB_ActivateEndpoint)
    USB_CoreInit                             0x080054b1   Thumb Code     8  stm32f1xx_ll_usb.o(i.USB_CoreInit)
    USB_DeactivateEndpoint                   0x080054b9   Thumb Code   636  stm32f1xx_ll_usb.o(i.USB_DeactivateEndpoint)
    USB_DevConnect                           0x08005735   Thumb Code     6  stm32f1xx_ll_usb.o(i.USB_DevConnect)
    USB_DevDisconnect                        0x0800573b   Thumb Code     6  stm32f1xx_ll_usb.o(i.USB_DevDisconnect)
    USB_DevInit                              0x08005741   Thumb Code    22  stm32f1xx_ll_usb.o(i.USB_DevInit)
    USB_DisableGlobalInt                     0x08005757   Thumb Code    20  stm32f1xx_ll_usb.o(i.USB_DisableGlobalInt)
    USB_EP0_OutStart                         0x0800576b   Thumb Code     6  stm32f1xx_ll_usb.o(i.USB_EP0_OutStart)
    USB_EPClearStall                         0x08005771   Thumb Code   218  stm32f1xx_ll_usb.o(i.USB_EPClearStall)
    USB_EPSetStall                           0x0800584b   Thumb Code    92  stm32f1xx_ll_usb.o(i.USB_EPSetStall)
    USB_EPStartXfer                          0x080058a7   Thumb Code  2640  stm32f1xx_ll_usb.o(i.USB_EPStartXfer)
    USB_EnableGlobalInt                      0x080062f7   Thumb Code    18  stm32f1xx_ll_usb.o(i.USB_EnableGlobalInt)
    USB_LP_CAN1_RX0_IRQHandler               0x08006309   Thumb Code    10  stm32f1xx_it.o(i.USB_LP_CAN1_RX0_IRQHandler)
    USB_ReadInterrupts                       0x08006319   Thumb Code     8  stm32f1xx_ll_usb.o(i.USB_ReadInterrupts)
    USB_ReadPMA                              0x08006321   Thumb Code    74  stm32f1xx_ll_usb.o(i.USB_ReadPMA)
    USB_SetCurrentMode                       0x0800636b   Thumb Code     6  stm32f1xx_ll_usb.o(i.USB_SetCurrentMode)
    USB_SetDevAddress                        0x08006371   Thumb Code    14  stm32f1xx_ll_usb.o(i.USB_SetDevAddress)
    USB_WritePMA                             0x0800637f   Thumb Code    64  stm32f1xx_ll_usb.o(i.USB_WritePMA)
    UsageFault_Handler                       0x080063bf   Thumb Code     4  stm32f1xx_it.o(i.UsageFault_Handler)
    main                                     0x080063fd   Thumb Code   316  main.o(i.main)
    AHBPrescTable                            0x0800655e   Data          16  system_stm32f1xx.o(.constdata)
    APBPrescTable                            0x0800656e   Data           8  system_stm32f1xx.o(.constdata)
    Region$$Table$$Base                      0x08006578   Number         0  anon$$obj.o(Region$$Table)
    Region$$Table$$Limit                     0x08006598   Number         0  anon$$obj.o(Region$$Table)
    BMP2                                     0x20000000   Data        1024  main.o(.data)
    BMP3                                     0x20000400   Data        1024  main.o(.data)
    BMP4                                     0x20000800   Data        1024  main.o(.data)
    BMP6                                     0x20000c00   Data        1024  main.o(.data)
    BMP5                                     0x20001000   Data         224  main.o(.data)
    BMP_Receive_Byte_num                     0x200010e0   Data           8  main.o(.data)
    BMP_Flash_Write_Byte_idx                 0x200010e8   Data           8  main.o(.data)
    BMP_Flash_Need_Write_Byte                0x200010f0   Data           8  main.o(.data)
    Write_2Byte_num                          0x200010f8   Data           8  main.o(.data)
    uwTick                                   0x20001104   Data           4  stm32f1xx_hal.o(.data)
    uwTickPrio                               0x20001108   Data           4  stm32f1xx_hal.o(.data)
    uwTickFreq                               0x2000110c   Data           1  stm32f1xx_hal.o(.data)
    SystemCoreClock                          0x20001110   Data           4  system_stm32f1xx.o(.data)
    FS_Desc                                  0x20001114   Data          28  usbd_desc.o(.data)
    USBD_FS_DeviceDesc                       0x20001130   Data          18  usbd_desc.o(.data)
    USBD_LangIDDesc                          0x20001144   Data           4  usbd_desc.o(.data)
    USBD_StringSerial                        0x20001148   Data          26  usbd_desc.o(.data)
    USBD_Interface_fops_FS                   0x20001164   Data          16  usbd_cdc_if.o(.data)
    USBD_CDC                                 0x20001184   Data          56  usbd_cdc.o(.data)
    USBD_CDC_CfgHSDesc                       0x200011bc   Data          67  usbd_cdc.o(.data)
    USBD_CDC_CfgFSDesc                       0x20001200   Data          67  usbd_cdc.o(.data)
    USBD_CDC_OtherSpeedCfgDesc               0x20001244   Data          67  usbd_cdc.o(.data)
    BMP_Receive_Buff                         0x20001288   Data        1024  main.o(.bss)
    hi2c1                                    0x20001688   Data          84  i2c.o(.bss)
    htim1                                    0x200016dc   Data          72  tim.o(.bss)
    pFlash                                   0x20001728   Data          32  stm32f1xx_hal_flash.o(.bss)
    hUsbDeviceFS                             0x20001b48   Data         708  usb_device.o(.bss)
    USBD_StrDesc                             0x20001e0c   Data         512  usbd_desc.o(.bss)
    UserRxBufferFS                           0x2000200c   Data        1024  usbd_cdc_if.o(.bss)
    UserTxBufferFS                           0x2000240c   Data        1024  usbd_cdc_if.o(.bss)
    hpcd_USB_FS                              0x2000280c   Data         752  usbd_conf.o(.bss)
    __libspace_start                         0x20002d1c   Data          96  libspace.o(.bss)
    __temporary_stack_top$libspace           0x20002d7c   Data           0  libspace.o(.bss)



==============================================================================

Memory Map of the image

  Image Entry point : 0x080000ed

  Load Region LR_IROM1 (Base: 0x08000000, Size: 0x00007820, Max: 0x00010000, ABSOLUTE, COMPRESSED[0x00006b60])

    Execution Region ER_IROM1 (Exec base: 0x08000000, Load base: 0x08000000, Size: 0x00006598, Max: 0x00010000, ABSOLUTE)

    Exec Addr    Load Addr    Size         Type   Attr      Idx    E Section Name        Object

    0x08000000   0x08000000   0x000000ec   Data   RO            3    RESET               startup_stm32f103xb.o
    0x080000ec   0x080000ec   0x00000008   Code   RO         4463  * !!!main             c_w.l(__main.o)
    0x080000f4   0x080000f4   0x00000034   Code   RO         4634    !!!scatter          c_w.l(__scatter.o)
    0x08000128   0x08000128   0x0000005a   Code   RO         4632    !!dczerorl2         c_w.l(__dczerorl2.o)
    0x08000182   0x08000182   0x00000002   PAD
    0x08000184   0x08000184   0x0000001c   Code   RO         4636    !!handler_zi        c_w.l(__scatter_zi.o)
    0x080001a0   0x080001a0   0x00000002   Code   RO         4500    .ARM.Collect$$libinit$$00000000  c_w.l(libinit.o)
    0x080001a2   0x080001a2   0x00000000   Code   RO         4513    .ARM.Collect$$libinit$$00000002  c_w.l(libinit2.o)
    0x080001a2   0x080001a2   0x00000000   Code   RO         4515    .ARM.Collect$$libinit$$00000004  c_w.l(libinit2.o)
    0x080001a2   0x080001a2   0x00000000   Code   RO         4518    .ARM.Collect$$libinit$$0000000A  c_w.l(libinit2.o)
    0x080001a2   0x080001a2   0x00000000   Code   RO         4520    .ARM.Collect$$libinit$$0000000C  c_w.l(libinit2.o)
    0x080001a2   0x080001a2   0x00000000   Code   RO         4522    .ARM.Collect$$libinit$$0000000E  c_w.l(libinit2.o)
    0x080001a2   0x080001a2   0x00000000   Code   RO         4525    .ARM.Collect$$libinit$$00000011  c_w.l(libinit2.o)
    0x080001a2   0x080001a2   0x00000000   Code   RO         4527    .ARM.Collect$$libinit$$00000013  c_w.l(libinit2.o)
    0x080001a2   0x080001a2   0x00000000   Code   RO         4529    .ARM.Collect$$libinit$$00000015  c_w.l(libinit2.o)
    0x080001a2   0x080001a2   0x00000000   Code   RO         4531    .ARM.Collect$$libinit$$00000017  c_w.l(libinit2.o)
    0x080001a2   0x080001a2   0x00000000   Code   RO         4533    .ARM.Collect$$libinit$$00000019  c_w.l(libinit2.o)
    0x080001a2   0x080001a2   0x00000000   Code   RO         4535    .ARM.Collect$$libinit$$0000001B  c_w.l(libinit2.o)
    0x080001a2   0x080001a2   0x00000000   Code   RO         4537    .ARM.Collect$$libinit$$0000001D  c_w.l(libinit2.o)
    0x080001a2   0x080001a2   0x00000000   Code   RO         4539    .ARM.Collect$$libinit$$0000001F  c_w.l(libinit2.o)
    0x080001a2   0x080001a2   0x00000000   Code   RO         4541    .ARM.Collect$$libinit$$00000021  c_w.l(libinit2.o)
    0x080001a2   0x080001a2   0x00000000   Code   RO         4543    .ARM.Collect$$libinit$$00000023  c_w.l(libinit2.o)
    0x080001a2   0x080001a2   0x00000000   Code   RO         4545    .ARM.Collect$$libinit$$00000025  c_w.l(libinit2.o)
    0x080001a2   0x080001a2   0x00000000   Code   RO         4549    .ARM.Collect$$libinit$$0000002C  c_w.l(libinit2.o)
    0x080001a2   0x080001a2   0x00000000   Code   RO         4551    .ARM.Collect$$libinit$$0000002E  c_w.l(libinit2.o)
    0x080001a2   0x080001a2   0x00000000   Code   RO         4553    .ARM.Collect$$libinit$$00000030  c_w.l(libinit2.o)
    0x080001a2   0x080001a2   0x00000000   Code   RO         4555    .ARM.Collect$$libinit$$00000032  c_w.l(libinit2.o)
    0x080001a2   0x080001a2   0x00000002   Code   RO         4556    .ARM.Collect$$libinit$$00000033  c_w.l(libinit2.o)
    0x080001a4   0x080001a4   0x00000002   Code   RO         4587    .ARM.Collect$$libshutdown$$00000000  c_w.l(libshutdown.o)
    0x080001a6   0x080001a6   0x00000000   Code   RO         4613    .ARM.Collect$$libshutdown$$00000002  c_w.l(libshutdown2.o)
    0x080001a6   0x080001a6   0x00000000   Code   RO         4615    .ARM.Collect$$libshutdown$$00000004  c_w.l(libshutdown2.o)
    0x080001a6   0x080001a6   0x00000000   Code   RO         4617    .ARM.Collect$$libshutdown$$00000006  c_w.l(libshutdown2.o)
    0x080001a6   0x080001a6   0x00000000   Code   RO         4620    .ARM.Collect$$libshutdown$$00000009  c_w.l(libshutdown2.o)
    0x080001a6   0x080001a6   0x00000000   Code   RO         4623    .ARM.Collect$$libshutdown$$0000000C  c_w.l(libshutdown2.o)
    0x080001a6   0x080001a6   0x00000000   Code   RO         4625    .ARM.Collect$$libshutdown$$0000000E  c_w.l(libshutdown2.o)
    0x080001a6   0x080001a6   0x00000000   Code   RO         4628    .ARM.Collect$$libshutdown$$00000011  c_w.l(libshutdown2.o)
    0x080001a6   0x080001a6   0x00000002   Code   RO         4629    .ARM.Collect$$libshutdown$$00000012  c_w.l(libshutdown2.o)
    0x080001a8   0x080001a8   0x00000000   Code   RO         4465    .ARM.Collect$$rtentry$$00000000  c_w.l(__rtentry.o)
    0x080001a8   0x080001a8   0x00000000   Code   RO         4471    .ARM.Collect$$rtentry$$00000002  c_w.l(__rtentry2.o)
    0x080001a8   0x080001a8   0x00000006   Code   RO         4483    .ARM.Collect$$rtentry$$00000004  c_w.l(__rtentry4.o)
    0x080001ae   0x080001ae   0x00000000   Code   RO         4473    .ARM.Collect$$rtentry$$00000009  c_w.l(__rtentry2.o)
    0x080001ae   0x080001ae   0x00000004   Code   RO         4474    .ARM.Collect$$rtentry$$0000000A  c_w.l(__rtentry2.o)
    0x080001b2   0x080001b2   0x00000000   Code   RO         4476    .ARM.Collect$$rtentry$$0000000C  c_w.l(__rtentry2.o)
    0x080001b2   0x080001b2   0x00000008   Code   RO         4477    .ARM.Collect$$rtentry$$0000000D  c_w.l(__rtentry2.o)
    0x080001ba   0x080001ba   0x00000002   Code   RO         4504    .ARM.Collect$$rtexit$$00000000  c_w.l(rtexit.o)
    0x080001bc   0x080001bc   0x00000000   Code   RO         4560    .ARM.Collect$$rtexit$$00000002  c_w.l(rtexit2.o)
    0x080001bc   0x080001bc   0x00000004   Code   RO         4561    .ARM.Collect$$rtexit$$00000003  c_w.l(rtexit2.o)
    0x080001c0   0x080001c0   0x00000006   Code   RO         4562    .ARM.Collect$$rtexit$$00000004  c_w.l(rtexit2.o)
    0x080001c6   0x080001c6   0x00000002   PAD
    0x080001c8   0x080001c8   0x00000040   Code   RO            4    .text               startup_stm32f103xb.o
    0x08000208   0x08000208   0x000000ee   Code   RO         4447    .text               c_w.l(lludivv7m.o)
    0x080002f6   0x080002f6   0x00000026   Code   RO         4449    .text               c_w.l(llushr.o)
    0x0800031c   0x0800031c   0x0000008a   Code   RO         4451    .text               c_w.l(rt_memcpy_v6.o)
    0x080003a6   0x080003a6   0x00000064   Code   RO         4453    .text               c_w.l(rt_memcpy_w.o)
    0x0800040a   0x0800040a   0x00000010   Code   RO         4455    .text               c_w.l(aeabi_memset.o)
    0x0800041a   0x0800041a   0x00000044   Code   RO         4457    .text               c_w.l(rt_memclr.o)
    0x0800045e   0x0800045e   0x0000004e   Code   RO         4459    .text               c_w.l(rt_memclr_w.o)
    0x080004ac   0x080004ac   0x00000006   Code   RO         4461    .text               c_w.l(heapauxi.o)
    0x080004b2   0x080004b2   0x0000004a   Code   RO         4487    .text               c_w.l(sys_stackheap_outer.o)
    0x080004fc   0x080004fc   0x00000012   Code   RO         4489    .text               c_w.l(exit.o)
    0x0800050e   0x0800050e   0x00000002   PAD
    0x08000510   0x08000510   0x00000008   Code   RO         4501    .text               c_w.l(libspace.o)
    0x08000518   0x08000518   0x0000000c   Code   RO         4557    .text               c_w.l(sys_exit.o)
    0x08000524   0x08000524   0x00000002   Code   RO         4576    .text               c_w.l(use_no_semi.o)
    0x08000526   0x08000526   0x00000000   Code   RO         4578    .text               c_w.l(indicate_semi.o)
    0x08000526   0x08000526   0x00000002   PAD
    0x08000528   0x08000528   0x00000044   Code   RO           13    i.BMP_Flash_Init    main.o
    0x0800056c   0x0800056c   0x00000004   Code   RO          315    i.BusFault_Handler  stm32f1xx_it.o
    0x08000570   0x08000570   0x00000044   Code   RO         3786    i.CDC_Control_FS    usbd_cdc_if.o
    0x080005b4   0x080005b4   0x00000004   Code   RO         3787    i.CDC_DeInit_FS     usbd_cdc_if.o
    0x080005b8   0x080005b8   0x00000024   Code   RO         3788    i.CDC_Init_FS       usbd_cdc_if.o
    0x080005dc   0x080005dc   0x00000074   Code   RO         3789    i.CDC_Receive_FS    usbd_cdc_if.o
    0x08000650   0x08000650   0x00000002   Code   RO          316    i.DebugMon_Handler  stm32f1xx_it.o
    0x08000652   0x08000652   0x00000006   Code   RO           14    i.Error_Handler     main.o
    0x08000658   0x08000658   0x00000028   Code   RO         1752    i.FLASH_MassErase   stm32f1xx_hal_flash_ex.o
    0x08000680   0x08000680   0x00000028   Code   RO         1761    i.FLASH_PageErase   stm32f1xx_hal_flash_ex.o
    0x080006a8   0x080006a8   0x00000020   Code   RO         1649    i.FLASH_Program_HalfWord  stm32f1xx_hal_flash.o
    0x080006c8   0x080006c8   0x00000084   Code   RO         1650    i.FLASH_SetErrorCode  stm32f1xx_hal_flash.o
    0x0800074c   0x0800074c   0x00000070   Code   RO         1651    i.FLASH_WaitForLastOperation  stm32f1xx_hal_flash.o
    0x080007bc   0x080007bc   0x00000060   Code   RO           15    i.Flash_HAL_Write_N_2Byte_Data  main.o
    0x0800081c   0x0800081c   0x000000ac   Code   RO         3505    i.GUI_DrawBMP       gui.o
    0x080008c8   0x080008c8   0x00000034   Code   RO         3696    i.Get_SerialNum     usbd_desc.o
    0x080008fc   0x080008fc   0x00000028   Code   RO          929    i.HAL_Delay         stm32f1xx_hal.o
    0x08000924   0x08000924   0x000000b0   Code   RO         1762    i.HAL_FLASHEx_Erase  stm32f1xx_hal_flash_ex.o
    0x080009d4   0x080009d4   0x00000014   Code   RO         1655    i.HAL_FLASH_Lock    stm32f1xx_hal_flash.o
    0x080009e8   0x080009e8   0x000000b0   Code   RO         1660    i.HAL_FLASH_Program  stm32f1xx_hal_flash.o
    0x08000a98   0x08000a98   0x00000030   Code   RO         1662    i.HAL_FLASH_Unlock  stm32f1xx_hal_flash.o
    0x08000ac8   0x08000ac8   0x00000320   Code   RO         1244    i.HAL_GPIO_Init     stm32f1xx_hal_gpio.o
    0x08000de8   0x08000de8   0x0000000c   Code   RO          933    i.HAL_GetTick       stm32f1xx_hal.o
    0x08000df4   0x08000df4   0x000001d0   Code   RO         1941    i.HAL_I2C_Init      stm32f1xx_hal_i2c.o
    0x08000fc4   0x08000fc4   0x00000164   Code   RO         1962    i.HAL_I2C_Mem_Write  stm32f1xx_hal_i2c.o
    0x08001128   0x08001128   0x00000074   Code   RO          232    i.HAL_I2C_MspInit   i2c.o
    0x0800119c   0x0800119c   0x00000018   Code   RO          939    i.HAL_IncTick       stm32f1xx_hal.o
    0x080011b4   0x080011b4   0x00000028   Code   RO          940    i.HAL_Init          stm32f1xx_hal.o
    0x080011dc   0x080011dc   0x0000004c   Code   RO          941    i.HAL_InitTick      stm32f1xx_hal.o
    0x08001228   0x08001228   0x00000054   Code   RO          397    i.HAL_MspInit       stm32f1xx_hal_msp.o
    0x0800127c   0x0800127c   0x00000020   Code   RO         1404    i.HAL_NVIC_EnableIRQ  stm32f1xx_hal_cortex.o
    0x0800129c   0x0800129c   0x0000007c   Code   RO         1410    i.HAL_NVIC_SetPriority  stm32f1xx_hal_cortex.o
    0x08001318   0x08001318   0x00000028   Code   RO         1411    i.HAL_NVIC_SetPriorityGrouping  stm32f1xx_hal_cortex.o
    0x08001340   0x08001340   0x00000044   Code   RO          696    i.HAL_PCDEx_PMAConfig  stm32f1xx_hal_pcd_ex.o
    0x08001384   0x08001384   0x00000002   Code   RO         3838    i.HAL_PCDEx_SetConnectionState  usbd_conf.o
    0x08001386   0x08001386   0x00000020   Code   RO         3840    i.HAL_PCD_DataInStageCallback  usbd_conf.o
    0x080013a6   0x080013a6   0x00000020   Code   RO         3841    i.HAL_PCD_DataOutStageCallback  usbd_conf.o
    0x080013c6   0x080013c6   0x0000006a   Code   RO          467    i.HAL_PCD_EP_Close  stm32f1xx_hal_pcd.o
    0x08001430   0x08001430   0x0000007c   Code   RO          468    i.HAL_PCD_EP_ClrStall  stm32f1xx_hal_pcd.o
    0x080014ac   0x080014ac   0x00000158   Code   RO          469    i.HAL_PCD_EP_DB_Receive  stm32f1xx_hal_pcd.o
    0x08001604   0x08001604   0x0000053e   Code   RO          470    i.HAL_PCD_EP_DB_Transmit  stm32f1xx_hal_pcd.o
    0x08001b42   0x08001b42   0x00000016   Code   RO          472    i.HAL_PCD_EP_GetRxCount  stm32f1xx_hal_pcd.o
    0x08001b58   0x08001b58   0x00000084   Code   RO          473    i.HAL_PCD_EP_Open   stm32f1xx_hal_pcd.o
    0x08001bdc   0x08001bdc   0x0000003c   Code   RO          474    i.HAL_PCD_EP_Receive  stm32f1xx_hal_pcd.o
    0x08001c18   0x08001c18   0x00000088   Code   RO          475    i.HAL_PCD_EP_SetStall  stm32f1xx_hal_pcd.o
    0x08001ca0   0x08001ca0   0x00000046   Code   RO          476    i.HAL_PCD_EP_Transmit  stm32f1xx_hal_pcd.o
    0x08001ce6   0x08001ce6   0x000001cc   Code   RO          478    i.HAL_PCD_IRQHandler  stm32f1xx_hal_pcd.o
    0x08001eb2   0x08001eb2   0x0000014a   Code   RO          481    i.HAL_PCD_Init      stm32f1xx_hal_pcd.o
    0x08001ffc   0x08001ffc   0x00000044   Code   RO         3846    i.HAL_PCD_MspInit   usbd_conf.o
    0x08002040   0x08002040   0x00000024   Code   RO         3847    i.HAL_PCD_ResetCallback  usbd_conf.o
    0x08002064   0x08002064   0x0000000e   Code   RO         3848    i.HAL_PCD_ResumeCallback  usbd_conf.o
    0x08002072   0x08002072   0x0000000e   Code   RO         3849    i.HAL_PCD_SOFCallback  usbd_conf.o
    0x08002080   0x08002080   0x00000036   Code   RO          487    i.HAL_PCD_SetAddress  stm32f1xx_hal_pcd.o
    0x080020b6   0x080020b6   0x00000012   Code   RO         3850    i.HAL_PCD_SetupStageCallback  usbd_conf.o
    0x080020c8   0x080020c8   0x0000003c   Code   RO          489    i.HAL_PCD_Start     stm32f1xx_hal_pcd.o
    0x08002104   0x08002104   0x00000024   Code   RO         3851    i.HAL_PCD_SuspendCallback  usbd_conf.o
    0x08002128   0x08002128   0x00000130   Code   RO         1206    i.HAL_RCCEx_PeriphCLKConfig  stm32f1xx_hal_rcc_ex.o
    0x08002258   0x08002258   0x0000018c   Code   RO         1097    i.HAL_RCC_ClockConfig  stm32f1xx_hal_rcc.o
    0x080023e4   0x080023e4   0x0000000c   Code   RO         1102    i.HAL_RCC_GetHCLKFreq  stm32f1xx_hal_rcc.o
    0x080023f0   0x080023f0   0x00000020   Code   RO         1104    i.HAL_RCC_GetPCLK1Freq  stm32f1xx_hal_rcc.o
    0x08002410   0x08002410   0x00000070   Code   RO         1106    i.HAL_RCC_GetSysClockFreq  stm32f1xx_hal_rcc.o
    0x08002480   0x08002480   0x00000464   Code   RO         1109    i.HAL_RCC_OscConfig  stm32f1xx_hal_rcc.o
    0x080028e4   0x080028e4   0x00000034   Code   RO         1415    i.HAL_SYSTICK_Config  stm32f1xx_hal_cortex.o
    0x08002918   0x08002918   0x00000074   Code   RO         3127    i.HAL_TIMEx_ConfigBreakDeadTime  stm32f1xx_hal_tim_ex.o
    0x0800298c   0x0800298c   0x00000084   Code   RO         3143    i.HAL_TIMEx_MasterConfigSynchronization  stm32f1xx_hal_tim_ex.o
    0x08002a10   0x08002a10   0x00000066   Code   RO         2409    i.HAL_TIM_Base_Init  stm32f1xx_hal_tim.o
    0x08002a76   0x08002a76   0x00000002   PAD
    0x08002a78   0x08002a78   0x00000030   Code   RO          274    i.HAL_TIM_Base_MspInit  tim.o
    0x08002aa8   0x08002aa8   0x0000010c   Code   RO         2418    i.HAL_TIM_ConfigClockSource  stm32f1xx_hal_tim.o
    0x08002bb4   0x08002bb4   0x00000104   Code   RO         2481    i.HAL_TIM_PWM_ConfigChannel  stm32f1xx_hal_tim.o
    0x08002cb8   0x08002cb8   0x00000066   Code   RO         2484    i.HAL_TIM_PWM_Init  stm32f1xx_hal_tim.o
    0x08002d1e   0x08002d1e   0x00000002   Code   RO         2486    i.HAL_TIM_PWM_MspInit  stm32f1xx_hal_tim.o
    0x08002d20   0x08002d20   0x00000004   Code   RO          317    i.HardFault_Handler  stm32f1xx_it.o
    0x08002d24   0x08002d24   0x0000003e   Code   RO         1985    i.I2C_IsAcknowledgeFailed  stm32f1xx_hal_i2c.o
    0x08002d62   0x08002d62   0x00000002   PAD
    0x08002d64   0x08002d64   0x000000e0   Code   RO         1997    i.I2C_RequestMemoryWrite  stm32f1xx_hal_i2c.o
    0x08002e44   0x08002e44   0x00000066   Code   RO         2005    i.I2C_WaitOnBTFFlagUntilTimeout  stm32f1xx_hal_i2c.o
    0x08002eaa   0x08002eaa   0x000000be   Code   RO         2006    i.I2C_WaitOnFlagUntilTimeout  stm32f1xx_hal_i2c.o
    0x08002f68   0x08002f68   0x000000fa   Code   RO         2007    i.I2C_WaitOnMasterAddressFlagUntilTimeout  stm32f1xx_hal_i2c.o
    0x08003062   0x08003062   0x00000066   Code   RO         2011    i.I2C_WaitOnTXEFlagUntilTimeout  stm32f1xx_hal_i2c.o
    0x080030c8   0x080030c8   0x0000003e   Code   RO         3697    i.IntToUnicode      usbd_desc.o
    0x08003106   0x08003106   0x00000002   PAD
    0x08003108   0x08003108   0x00000058   Code   RO          207    i.MX_GPIO_Init      gpio.o
    0x08003160   0x08003160   0x0000003c   Code   RO          233    i.MX_I2C1_Init      i2c.o
    0x0800319c   0x0800319c   0x000000d0   Code   RO          275    i.MX_TIM1_Init      tim.o
    0x0800326c   0x0800326c   0x0000004c   Code   RO         3648    i.MX_USB_DEVICE_Init  usb_device.o
    0x080032b8   0x080032b8   0x00000004   Code   RO          318    i.MemManage_Handler  stm32f1xx_it.o
    0x080032bc   0x080032bc   0x00000004   Code   RO          319    i.NMI_Handler       stm32f1xx_it.o
    0x080032c0   0x080032c0   0x00000028   Code   RO         3428    i.OLED_Clear        oled.o
    0x080032e8   0x080032e8   0x0000004c   Code   RO         3429    i.OLED_Display      oled.o
    0x08003334   0x08003334   0x000000d2   Code   RO         3432    i.OLED_Init         oled.o
    0x08003406   0x08003406   0x00000002   PAD
    0x08003408   0x08003408   0x00000080   Code   RO         3433    i.OLED_Set_Pixel    oled.o
    0x08003488   0x08003488   0x00000048   Code   RO         3435    i.OLED_WR_Byte      oled.o
    0x080034d0   0x080034d0   0x000004f2   Code   RO          493    i.PCD_EP_ISR_Handler  stm32f1xx_hal_pcd.o
    0x080039c2   0x080039c2   0x00000002   Code   RO          320    i.PendSV_Handler    stm32f1xx_it.o
    0x080039c4   0x080039c4   0x00000028   Code   RO         1110    i.RCC_Delay         stm32f1xx_hal_rcc.o
    0x080039ec   0x080039ec   0x00000002   Code   RO          321    i.SVC_Handler       stm32f1xx_it.o
    0x080039ee   0x080039ee   0x00000008   Code   RO          322    i.SysTick_Handler   stm32f1xx_it.o
    0x080039f6   0x080039f6   0x00000084   Code   RO           16    i.SystemClock_Config  main.o
    0x08003a7a   0x08003a7a   0x00000002   Code   RO         3392    i.SystemInit        system_stm32f1xx.o
    0x08003a7c   0x08003a7c   0x00000074   Code   RO         2502    i.TIM_Base_SetConfig  stm32f1xx_hal_tim.o
    0x08003af0   0x08003af0   0x00000016   Code   RO         2513    i.TIM_ETR_SetConfig  stm32f1xx_hal_tim.o
    0x08003b06   0x08003b06   0x00000012   Code   RO         2514    i.TIM_ITRx_SetConfig  stm32f1xx_hal_tim.o
    0x08003b18   0x08003b18   0x00000060   Code   RO         2515    i.TIM_OC1_SetConfig  stm32f1xx_hal_tim.o
    0x08003b78   0x08003b78   0x00000068   Code   RO         2516    i.TIM_OC2_SetConfig  stm32f1xx_hal_tim.o
    0x08003be0   0x08003be0   0x00000068   Code   RO         2517    i.TIM_OC3_SetConfig  stm32f1xx_hal_tim.o
    0x08003c48   0x08003c48   0x00000048   Code   RO         2518    i.TIM_OC4_SetConfig  stm32f1xx_hal_tim.o
    0x08003c90   0x08003c90   0x00000026   Code   RO         2520    i.TIM_TI1_ConfigInputStage  stm32f1xx_hal_tim.o
    0x08003cb6   0x08003cb6   0x00000028   Code   RO         2522    i.TIM_TI2_ConfigInputStage  stm32f1xx_hal_tim.o
    0x08003cde   0x08003cde   0x0000007c   Code   RO         4343    i.USBD_CDC_DataIn   usbd_cdc.o
    0x08003d5a   0x08003d5a   0x00000034   Code   RO         4344    i.USBD_CDC_DataOut  usbd_cdc.o
    0x08003d8e   0x08003d8e   0x0000004e   Code   RO         4345    i.USBD_CDC_DeInit   usbd_cdc.o
    0x08003ddc   0x08003ddc   0x00000032   Code   RO         4346    i.USBD_CDC_EP0_RxReady  usbd_cdc.o
    0x08003e0e   0x08003e0e   0x00000002   PAD
    0x08003e10   0x08003e10   0x00000010   Code   RO         4347    i.USBD_CDC_GetDeviceQualifierDescriptor  usbd_cdc.o
    0x08003e20   0x08003e20   0x00000010   Code   RO         4348    i.USBD_CDC_GetFSCfgDesc  usbd_cdc.o
    0x08003e30   0x08003e30   0x00000010   Code   RO         4349    i.USBD_CDC_GetHSCfgDesc  usbd_cdc.o
    0x08003e40   0x08003e40   0x00000010   Code   RO         4350    i.USBD_CDC_GetOtherSpeedCfgDesc  usbd_cdc.o
    0x08003e50   0x08003e50   0x000000b8   Code   RO         4351    i.USBD_CDC_Init     usbd_cdc.o
    0x08003f08   0x08003f08   0x0000003a   Code   RO         4352    i.USBD_CDC_ReceivePacket  usbd_cdc.o
    0x08003f42   0x08003f42   0x0000000e   Code   RO         4353    i.USBD_CDC_RegisterInterface  usbd_cdc.o
    0x08003f50   0x08003f50   0x0000000e   Code   RO         4354    i.USBD_CDC_SetRxBuffer  usbd_cdc.o
    0x08003f5e   0x08003f5e   0x00000014   Code   RO         4355    i.USBD_CDC_SetTxBuffer  usbd_cdc.o
    0x08003f72   0x08003f72   0x000000f4   Code   RO         4356    i.USBD_CDC_Setup    usbd_cdc.o
    0x08004066   0x08004066   0x00000016   Code   RO         4050    i.USBD_ClrClassConfig  usbd_core.o
    0x0800407c   0x0800407c   0x0000003e   Code   RO         4188    i.USBD_ClrFeature   usbd_ctlreq.o
    0x080040ba   0x080040ba   0x00000018   Code   RO         4283    i.USBD_CtlContinueRx  usbd_ioreq.o
    0x080040d2   0x080040d2   0x00000018   Code   RO         4284    i.USBD_CtlContinueSendData  usbd_ioreq.o
    0x080040ea   0x080040ea   0x00000018   Code   RO         4189    i.USBD_CtlError     usbd_ctlreq.o
    0x08004102   0x08004102   0x00000028   Code   RO         4285    i.USBD_CtlPrepareRx  usbd_ioreq.o
    0x0800412a   0x0800412a   0x0000001a   Code   RO         4286    i.USBD_CtlReceiveStatus  usbd_ioreq.o
    0x08004144   0x08004144   0x00000022   Code   RO         4287    i.USBD_CtlSendData  usbd_ioreq.o
    0x08004166   0x08004166   0x0000001a   Code   RO         4288    i.USBD_CtlSendStatus  usbd_ioreq.o
    0x08004180   0x08004180   0x00000034   Code   RO         3698    i.USBD_FS_ConfigStrDescriptor  usbd_desc.o
    0x080041b4   0x080041b4   0x00000010   Code   RO         3699    i.USBD_FS_DeviceDescriptor  usbd_desc.o
    0x080041c4   0x080041c4   0x00000038   Code   RO         3700    i.USBD_FS_InterfaceStrDescriptor  usbd_desc.o
    0x080041fc   0x080041fc   0x00000010   Code   RO         3701    i.USBD_FS_LangIDStrDescriptor  usbd_desc.o
    0x0800420c   0x0800420c   0x0000002c   Code   RO         3702    i.USBD_FS_ManufacturerStrDescriptor  usbd_desc.o
    0x08004238   0x08004238   0x00000040   Code   RO         3703    i.USBD_FS_ProductStrDescriptor  usbd_desc.o
    0x08004278   0x08004278   0x00000018   Code   RO         3704    i.USBD_FS_SerialStrDescriptor  usbd_desc.o
    0x08004290   0x08004290   0x00000056   Code   RO         4190    i.USBD_GetConfig    usbd_ctlreq.o
    0x080042e6   0x080042e6   0x000001f4   Code   RO         4191    i.USBD_GetDescriptor  usbd_ctlreq.o
    0x080044da   0x080044da   0x00000014   Code   RO         4192    i.USBD_GetLen       usbd_ctlreq.o
    0x080044ee   0x080044ee   0x0000005a   Code   RO         4193    i.USBD_GetStatus    usbd_ctlreq.o
    0x08004548   0x08004548   0x00000052   Code   RO         4194    i.USBD_GetString    usbd_ctlreq.o
    0x0800459a   0x0800459a   0x0000002c   Code   RO         3852    i.USBD_Get_USB_Status  usbd_conf.o
    0x080045c6   0x080045c6   0x00000032   Code   RO         4052    i.USBD_Init         usbd_core.o
    0x080045f8   0x080045f8   0x00000026   Code   RO         3853    i.USBD_LL_ClearStallEP  usbd_conf.o
    0x0800461e   0x0800461e   0x00000026   Code   RO         3854    i.USBD_LL_CloseEP   usbd_conf.o
    0x08004644   0x08004644   0x00000100   Code   RO         4053    i.USBD_LL_DataInStage  usbd_core.o
    0x08004744   0x08004744   0x000000a6   Code   RO         4054    i.USBD_LL_DataOutStage  usbd_core.o
    0x080047ea   0x080047ea   0x00000012   Code   RO         3858    i.USBD_LL_GetRxDataSize  usbd_conf.o
    0x080047fc   0x080047fc   0x00000084   Code   RO         3859    i.USBD_LL_Init      usbd_conf.o
    0x08004880   0x08004880   0x00000038   Code   RO         3860    i.USBD_LL_IsStallEP  usbd_conf.o
    0x080048b8   0x080048b8   0x00000030   Code   RO         3861    i.USBD_LL_OpenEP    usbd_conf.o
    0x080048e8   0x080048e8   0x00000030   Code   RO         3862    i.USBD_LL_PrepareReceive  usbd_conf.o
    0x08004918   0x08004918   0x0000005c   Code   RO         4059    i.USBD_LL_Reset     usbd_core.o
    0x08004974   0x08004974   0x00000016   Code   RO         4060    i.USBD_LL_Resume    usbd_core.o
    0x0800498a   0x0800498a   0x00000022   Code   RO         4061    i.USBD_LL_SOF       usbd_core.o
    0x080049ac   0x080049ac   0x00000008   Code   RO         4062    i.USBD_LL_SetSpeed  usbd_core.o
    0x080049b4   0x080049b4   0x00000026   Code   RO         3863    i.USBD_LL_SetUSBAddress  usbd_conf.o
    0x080049da   0x080049da   0x0000006e   Code   RO         4063    i.USBD_LL_SetupStage  usbd_core.o
    0x08004a48   0x08004a48   0x00000026   Code   RO         3864    i.USBD_LL_StallEP   usbd_conf.o
    0x08004a6e   0x08004a6e   0x0000001e   Code   RO         3865    i.USBD_LL_Start     usbd_conf.o
    0x08004a8c   0x08004a8c   0x00000014   Code   RO         4064    i.USBD_LL_Suspend   usbd_core.o
    0x08004aa0   0x08004aa0   0x00000030   Code   RO         3867    i.USBD_LL_Transmit  usbd_conf.o
    0x08004ad0   0x08004ad0   0x00000028   Code   RO         4195    i.USBD_ParseSetupRequest  usbd_ctlreq.o
    0x08004af8   0x08004af8   0x00000010   Code   RO         4065    i.USBD_RegisterClass  usbd_core.o
    0x08004b08   0x08004b08   0x00000006   Code   RO         4066    i.USBD_RunTestMode  usbd_core.o
    0x08004b0e   0x08004b0e   0x0000005a   Code   RO         4196    i.USBD_SetAddress   usbd_ctlreq.o
    0x08004b68   0x08004b68   0x00000022   Code   RO         4067    i.USBD_SetClassConfig  usbd_core.o
    0x08004b8a   0x08004b8a   0x00000002   PAD
    0x08004b8c   0x08004b8c   0x000000e8   Code   RO         4197    i.USBD_SetConfig    usbd_ctlreq.o
    0x08004c74   0x08004c74   0x00000018   Code   RO         4198    i.USBD_SetFeature   usbd_ctlreq.o
    0x08004c8c   0x08004c8c   0x0000000e   Code   RO         4068    i.USBD_Start        usbd_core.o
    0x08004c9a   0x08004c9a   0x000000a2   Code   RO         4199    i.USBD_StdDevReq    usbd_ctlreq.o
    0x08004d3c   0x08004d3c   0x00000238   Code   RO         4200    i.USBD_StdEPReq     usbd_ctlreq.o
    0x08004f74   0x08004f74   0x0000007e   Code   RO         4201    i.USBD_StdItfReq    usbd_ctlreq.o
    0x08004ff2   0x08004ff2   0x00000002   Code   RO         3868    i.USBD_static_free  usbd_conf.o
    0x08004ff4   0x08004ff4   0x0000000c   Code   RO         3869    i.USBD_static_malloc  usbd_conf.o
    0x08005000   0x08005000   0x000004b0   Code   RO          736    i.USB_ActivateEndpoint  stm32f1xx_ll_usb.o
    0x080054b0   0x080054b0   0x00000008   Code   RO          739    i.USB_CoreInit      stm32f1xx_ll_usb.o
    0x080054b8   0x080054b8   0x0000027c   Code   RO          741    i.USB_DeactivateEndpoint  stm32f1xx_ll_usb.o
    0x08005734   0x08005734   0x00000006   Code   RO          742    i.USB_DevConnect    stm32f1xx_ll_usb.o
    0x0800573a   0x0800573a   0x00000006   Code   RO          743    i.USB_DevDisconnect  stm32f1xx_ll_usb.o
    0x08005740   0x08005740   0x00000016   Code   RO          744    i.USB_DevInit       stm32f1xx_ll_usb.o
    0x08005756   0x08005756   0x00000014   Code   RO          745    i.USB_DisableGlobalInt  stm32f1xx_ll_usb.o
    0x0800576a   0x0800576a   0x00000006   Code   RO          746    i.USB_EP0_OutStart  stm32f1xx_ll_usb.o
    0x08005770   0x08005770   0x000000da   Code   RO          747    i.USB_EPClearStall  stm32f1xx_ll_usb.o
    0x0800584a   0x0800584a   0x0000005c   Code   RO          748    i.USB_EPSetStall    stm32f1xx_ll_usb.o
    0x080058a6   0x080058a6   0x00000a50   Code   RO          749    i.USB_EPStartXfer   stm32f1xx_ll_usb.o
    0x080062f6   0x080062f6   0x00000012   Code   RO          751    i.USB_EnableGlobalInt  stm32f1xx_ll_usb.o
    0x08006308   0x08006308   0x00000010   Code   RO          323    i.USB_LP_CAN1_RX0_IRQHandler  stm32f1xx_it.o
    0x08006318   0x08006318   0x00000008   Code   RO          758    i.USB_ReadInterrupts  stm32f1xx_ll_usb.o
    0x08006320   0x08006320   0x0000004a   Code   RO          759    i.USB_ReadPMA       stm32f1xx_ll_usb.o
    0x0800636a   0x0800636a   0x00000006   Code   RO          760    i.USB_SetCurrentMode  stm32f1xx_ll_usb.o
    0x08006370   0x08006370   0x0000000e   Code   RO          761    i.USB_SetDevAddress  stm32f1xx_ll_usb.o
    0x0800637e   0x0800637e   0x00000040   Code   RO          763    i.USB_WritePMA      stm32f1xx_ll_usb.o
    0x080063be   0x080063be   0x00000004   Code   RO          324    i.UsageFault_Handler  stm32f1xx_it.o
    0x080063c2   0x080063c2   0x00000002   PAD
    0x080063c4   0x080063c4   0x00000010   Code   RO         1417    i.__NVIC_GetPriorityGrouping  stm32f1xx_hal_cortex.o
    0x080063d4   0x080063d4   0x00000028   Code   RO         1418    i.__NVIC_SetPriority  stm32f1xx_hal_cortex.o
    0x080063fc   0x080063fc   0x00000150   Code   RO           18    i.main              main.o
    0x0800654c   0x0800654c   0x00000012   Data   RO         1111    .constdata          stm32f1xx_hal_rcc.o
    0x0800655e   0x0800655e   0x00000018   Data   RO         3393    .constdata          system_stm32f1xx.o
    0x08006576   0x08006576   0x00000002   PAD
    0x08006578   0x08006578   0x00000020   Data   RO         4630    Region$$Table       anon$$obj.o


    Execution Region RW_IRAM1 (Exec base: 0x20000000, Load base: 0x08006598, Size: 0x00003380, Max: 0x00005000, ABSOLUTE, COMPRESSED[0x000005c8])

    Exec Addr    Load Addr    Size         Type   Attr      Idx    E Section Name        Object

    0x20000000   COMPRESSED   0x00001102   Data   RW           20    .data               main.o
    0x20001102   COMPRESSED   0x00000002   PAD
    0x20001104   COMPRESSED   0x00000009   Data   RW          947    .data               stm32f1xx_hal.o
    0x2000110d   COMPRESSED   0x00000003   PAD
    0x20001110   COMPRESSED   0x00000004   Data   RW         3394    .data               system_stm32f1xx.o
    0x20001114   COMPRESSED   0x0000004e   Data   RW         3706    .data               usbd_desc.o
    0x20001162   COMPRESSED   0x00000002   PAD
    0x20001164   COMPRESSED   0x00000010   Data   RW         3792    .data               usbd_cdc_if.o
    0x20001174   COMPRESSED   0x00000001   Data   RW         4202    .data               usbd_ctlreq.o
    0x20001175   COMPRESSED   0x00000003   PAD
    0x20001178   COMPRESSED   0x0000010f   Data   RW         4358    .data               usbd_cdc.o
    0x20001287   COMPRESSED   0x00000001   PAD
    0x20001288        -       0x00000400   Zero   RW           19    .bss                main.o
    0x20001688        -       0x00000054   Zero   RW          234    .bss                i2c.o
    0x200016dc        -       0x00000048   Zero   RW          276    .bss                tim.o
    0x20001724   COMPRESSED   0x00000004   PAD
    0x20001728        -       0x00000020   Zero   RW         1663    .bss                stm32f1xx_hal_flash.o
    0x20001748        -       0x00000400   Zero   RW         3436    .bss                oled.o
    0x20001b48        -       0x000002c4   Zero   RW         3649    .bss                usb_device.o
    0x20001e0c        -       0x00000200   Zero   RW         3705    .bss                usbd_desc.o
    0x2000200c        -       0x00000800   Zero   RW         3791    .bss                usbd_cdc_if.o
    0x2000280c        -       0x00000510   Zero   RW         3870    .bss                usbd_conf.o
    0x20002d1c        -       0x00000060   Zero   RW         4502    .bss                c_w.l(libspace.o)
    0x20002d7c   COMPRESSED   0x00000004   PAD
    0x20002d80        -       0x00000200   Zero   RW            2    HEAP                startup_stm32f103xb.o
    0x20002f80        -       0x00000400   Zero   RW            1    STACK               startup_stm32f103xb.o


==============================================================================

Image component sizes


      Code (inc. data)   RO Data    RW Data    ZI Data      Debug   Object Name

        88          4          0          0          0        791   gpio.o
       172          0          0          0          0       1486   gui.o
       176         24          0          0         84       1553   i2c.o
       638         30          0       4354       1024     454777   main.o
       526         22          0          0       1024       3220   oled.o
        64         26        236          0       1536        796   startup_stm32f103xb.o
       192         36          0          9          0       5777   stm32f1xx_hal.o
       304         22          0          0          0      29319   stm32f1xx_hal_cortex.o
       520         48          0          0         32       4066   stm32f1xx_hal_flash.o
       256         26          0          0          0       2495   stm32f1xx_hal_flash_ex.o
       800         34          0          0          0       2024   stm32f1xx_hal_gpio.o
      1750         30          0          0          0       8059   stm32f1xx_hal_i2c.o
        84          8          0          0          0        866   stm32f1xx_hal_msp.o
      4506          0          0          0          0      14893   stm32f1xx_hal_pcd.o
        68          0          0          0          0       1150   stm32f1xx_hal_pcd_ex.o
      1716         88         18          0          0       5321   stm32f1xx_hal_rcc.o
       304         14          0          0          0       1372   stm32f1xx_hal_rcc_ex.o
      1344         32          0          0          0      10202   stm32f1xx_hal_tim.o
       248         14          0          0          0       2084   stm32f1xx_hal_tim_ex.o
        50          6          0          0          0       4275   stm32f1xx_it.o
      5038          0          0          0          0      18727   stm32f1xx_ll_usb.o
         2          0         24          4          0       1079   system_stm32f1xx.o
       256         16          0          0         72       1694   tim.o
        76         16          0          0        708       2467   usb_device.o
       902         24          0        271          0      12072   usbd_cdc.o
       224         28          0         16       2048       2986   usbd_cdc_if.o
       842         30          0          0       1296      14493   usbd_conf.o
       850          0          0          0          0       9719   usbd_core.o
      2106         28          0          1          0      10468   usbd_ctlreq.o
       386        122          0         78        512       6449   usbd_desc.o
       174          0          0          0          0       4436   usbd_ioreq.o

    ----------------------------------------------------------------------
     24676        728        312       4744       8340     639116   Object Totals
         0          0         32          0          0          0   (incl. Generated)
        14          0          2         11          4          0   (incl. Padding)

    ----------------------------------------------------------------------

      Code (inc. data)   RO Data    RW Data    ZI Data      Debug   Library Member Name

        90          0          0          0          0          0   __dczerorl2.o
         8          0          0          0          0         68   __main.o
         0          0          0          0          0          0   __rtentry.o
        12          0          0          0          0          0   __rtentry2.o
         6          0          0          0          0          0   __rtentry4.o
        52          8          0          0          0          0   __scatter.o
        28          0          0          0          0          0   __scatter_zi.o
        16          0          0          0          0         68   aeabi_memset.o
        18          0          0          0          0         80   exit.o
         6          0          0          0          0        152   heapauxi.o
         0          0          0          0          0          0   indicate_semi.o
         2          0          0          0          0          0   libinit.o
         2          0          0          0          0          0   libinit2.o
         2          0          0          0          0          0   libshutdown.o
         2          0          0          0          0          0   libshutdown2.o
         8          4          0          0         96         68   libspace.o
       238          0          0          0          0        100   lludivv7m.o
        38          0          0          0          0         68   llushr.o
        68          0          0          0          0         68   rt_memclr.o
        78          0          0          0          0         80   rt_memclr_w.o
       138          0          0          0          0         68   rt_memcpy_v6.o
       100          0          0          0          0         80   rt_memcpy_w.o
         2          0          0          0          0          0   rtexit.o
        10          0          0          0          0          0   rtexit2.o
        12          4          0          0          0         68   sys_exit.o
        74          0          0          0          0         80   sys_stackheap_outer.o
         2          0          0          0          0         68   use_no_semi.o

    ----------------------------------------------------------------------
      1020         16          0          0        100       1116   Library Totals
         8          0          0          0          4          0   (incl. Padding)

    ----------------------------------------------------------------------

      Code (inc. data)   RO Data    RW Data    ZI Data      Debug   Library Name

      1012         16          0          0         96       1116   c_w.l

    ----------------------------------------------------------------------
      1020         16          0          0        100       1116   Library Totals

    ----------------------------------------------------------------------

==============================================================================


      Code (inc. data)   RO Data    RW Data    ZI Data      Debug   

     25696        744        312       4744       8440     629776   Grand Totals
     25696        744        312       1480       8440     629776   ELF Image Totals (compressed)
     25696        744        312       1480          0          0   ROM Totals

==============================================================================

    Total RO  Size (Code + RO Data)                26008 (  25.40kB)
    Total RW  Size (RW Data + ZI Data)             13184 (  12.88kB)
    Total ROM Size (Code + RO Data + RW Data)      27488 (  26.84kB)

==============================================================================

